// Jest Snapshot v1, https://goo.gl/fbAQLP

exports[`TextInput component default Should render textInput component  1`] = `
<RCTScrollView>
  <View>
    <View
      accessible={true}
      focusable={true}
      isTVSelectable={true}
      onClick={[Function]}
      onResponderGrant={[Function]}
      onResponderMove={[Function]}
      onResponderRelease={[Function]}
      onResponderTerminate={[Function]}
      onResponderTerminationRequest={[Function]}
      onStartShouldSetResponder={[Function]}
      style={
        Object {
          "backgroundColor": "#FFFFFF",
          "borderRadius": 4,
          "marginTop": 0,
          "opacity": 1,
        }
      }
    >
      <View
        style={
          Array [
            Object {
              "width": "100%",
            },
          ]
        }
        type="card"
      >
        <Image
          source={
            Object {
              "uri": "https://upload.wikimedia.org/wikipedia/pt/thumb/c/cb/Natura_Logo.png/200px-Natura_Logo.png",
            }
          }
          style={
            Array [
              Object {
                "borderRadius": 0,
                "height": 184,
                "width": "100%",
              },
            ]
          }
          type="card"
        />
      </View>
      <View
        style={
          Array [
            Object {
              "paddingBottom": 10,
              "paddingLeft": 10,
              "paddingRight": 10,
              "paddingTop": 10,
            },
          ]
        }
      >
        <View
          defaultMargin="0px"
          style={
            Array [
              Object {
                "flexBasis": 0,
                "flexGrow": 1,
                "flexShrink": 1,
                "marginTop": 0,
              },
            ]
          }
        >
          <Text
            style={
              Array [
                Object {
                  "color": "#333333",
                  "fontSize": 20,
                  "fontWeight": "400",
                  "lineHeight": 24,
                },
              ]
            }
            type="h6"
          >
            teste
          </Text>
        </View>
        <View
          defaultMargin="0px"
          style={
            Array [
              Object {
                "flexBasis": 0,
                "flexGrow": 1,
                "flexShrink": 1,
                "marginTop": 0,
              },
            ]
          }
        >
          <Text
            style={
              Array [
                Object {
                  "color": "#777777",
                  "fontSize": 12,
                  "fontWeight": "400",
                  "lineHeight": 14,
                },
              ]
            }
            type="caption"
          />
        </View>
        <View
          defaultMargin="8px"
          style={
            Array [
              Object {
                "flexBasis": 0,
                "flexGrow": 1,
                "flexShrink": 1,
                "marginTop": 8,
              },
            ]
          }
        >
          <Text
            style={
              Array [
                Object {
                  "color": "#777777",
                  "fontSize": 14,
                  "fontWeight": "400",
                  "lineHeight": 21,
                },
              ]
            }
            type="body2"
          >
            teste
          </Text>
        </View>
      </View>
    </View>
  </View>
</RCTScrollView>
`;
