// Jest Snapshot v1, https://goo.gl/fbAQLP

exports[`StoryNatIcon component Should render StoryNatIcon component : StoryNatIcon snapshot 1`] = `
<RCTSafeAreaView
  emulateUnlessSupported={true}
  style={
    Object {
      "flex": 1,
      "width": 750,
    }
  }
>
  <View
    marginBottom="none"
    marginLeft="none"
    marginRight="none"
    marginTop="none"
    paddingBottom="small"
    paddingLeft="small"
    paddingRight="small"
    paddingTop="small"
    style={
      Array [
        Object {
          "backgroundColor": "#FFFFFF",
          "marginBottom": 0,
          "marginLeft": 0,
          "marginRight": 0,
          "marginTop": 0,
          "paddingBottom": 16,
          "paddingLeft": 16,
          "paddingRight": 16,
          "paddingTop": 16,
        },
      ]
    }
  >
    <RCTScrollView>
      <View>
        <View
          margin={24}
          style={
            Array [
              Object {
                "marginBottom": 24,
                "marginLeft": 0,
                "marginRight": 0,
                "marginTop": 0,
                "paddingBottom": 0,
                "paddingLeft": 0,
                "paddingRight": 0,
                "paddingTop": 0,
              },
            ]
          }
        >
          <Text
            color="#333333"
            style={
              Array [
                Object {
                  "color": "#333333",
                  "fontSize": 20,
                  "fontWeight": "500",
                  "lineHeight": 30,
                  "textAlign": "auto",
                },
              ]
            }
            textAlign="auto"
            type="h6"
          >
            ICONS SVG
          </Text>
        </View>
        <View
          accessible={true}
          marginDefault="tiny"
          style={
            Array [
              Object {
                "marginBottom": 8,
                "width": "100%",
              },
            ]
          }
          theme={
            Object {
              "avatarSizes": Object {
                "huge": Object {
                  "fontSize": "1.5rem",
                  "size": 80,
                },
                "large": Object {
                  "fontSize": "1rem",
                  "size": 48,
                },
                "small": Object {
                  "fontSize": ".875rem",
                  "size": 32,
                },
                "standard": Object {
                  "fontSize": "1rem",
                  "size": 40,
                },
                "tiny": Object {
                  "fontSize": ".625rem",
                  "size": 24,
                },
              },
              "buttonSizes": Object {
                "large": Object {
                  "minHeight": 48,
                  "paddingBottom": 16,
                  "paddingLeft": 16,
                  "paddingRight": 16,
                  "paddingTop": 16,
                },
                "medium": Object {
                  "minHeight": 40,
                  "paddingBottom": 12,
                  "paddingLeft": 16,
                  "paddingRight": 16,
                  "paddingTop": 12,
                },
                "small": Object {
                  "minHeight": 32,
                  "paddingBottom": 8,
                  "paddingLeft": 8,
                  "paddingRight": 8,
                  "paddingTop": 8,
                },
              },
              "iconSizes": Object {
                "huge": 144,
                "hugex": 192,
                "hugexx": 256,
                "large": 72,
                "largex": 96,
                "largexx": 128,
                "medium": 64,
                "micro": 16,
                "small": 32,
                "standard": 48,
                "tiny": 24,
              },
              "overrides": Object {
                "MuiAvatar": Object {
                  "colorDefault": Object {
                    "color": "#333333",
                  },
                },
                "MuiButton": Object {
                  "outlinedPrimary": Object {
                    "color": "#333333",
                  },
                  "outlinedSecondary": Object {
                    "color": "#333333",
                  },
                  "root": Object {
                    "fontSize": "0.875rem",
                    "minHeight": "40px",
                    "padding": "8px 16px",
                  },
                  "sizeLarge": Object {
                    "fontSize": "0.875rem",
                    "minHeight": "48px",
                  },
                  "sizeSmall": Object {
                    "fontSize": "0.875rem",
                    "minHeight": "32px",
                  },
                },
                "MuiIconButton": Object {
                  "root": Object {
                    "padding": "8px",
                  },
                  "sizeSmall": Object {
                    "padding": "4px",
                  },
                },
                "MuiListItem": Object {
                  "button": Object {
                    "&:hover": Object {
                      "backgroundColor": "rgba(255, 107, 11, .08)",
                    },
                  },
                  "root": Object {
                    "&$selected": Object {
                      "backgroundColor": "rgba(255, 107, 11, .16)",
                    },
                    "&$selected:hover": Object {
                      "backgroundColor": "rgba(255, 107, 11, .08)",
                    },
                  },
                },
                "MuiTab": Object {
                  "root": Object {
                    "&$disabled": Object {
                      "opacity": 0.24,
                    },
                  },
                  "textColorInherit": Object {
                    "&$disabled": Object {
                      "opacity": 0.24,
                    },
                  },
                  "wrapper": Object {
                    "& > *:first-child": Object {
                      "marginBottom": "2px !important",
                    },
                  },
                },
                "MuiToolbar": Object {
                  "dense": Object {
                    "@media (min-width: 600px)": Object {
                      "minHeight": "56px",
                    },
                    "minHeight": "56px",
                  },
                  "gutters": Object {
                    "@media (min-width: 600px)": Object {
                      "padding": "0 16px",
                    },
                    "padding": "0 16px",
                  },
                  "regular": Object {
                    "@media (min-width: 600px)": Object {
                      "minHeight": "56px",
                    },
                    "minHeight": "56px",
                  },
                  "root": Object {
                    "@media (min-width: 600px)": Object {
                      "padding": "0 16px",
                    },
                    "padding": "0 16px",
                  },
                },
              },
              "palette": Object {
                "action": Object {
                  "disabled": "rgba(0, 0, 0, .24)",
                },
                "background": Object {
                  "default": "#FAFAFA",
                  "defaultContrastText": "#333333",
                  "paper": "#FFFFFF",
                  "paperContrastText": "#333333",
                },
                "complementary": Object {
                  "highlight": "#000000",
                  "link": "#227BBD",
                  "linkContrastText": "#FFFFFF",
                  "warning": "#FCC433",
                  "warningContrastText": "#000000",
                },
                "error": Object {
                  "contrastText": "#FFFFFF",
                  "main": "#E74627",
                },
                "grayscale": Object {
                  "colorBrdBlack": "#000000",
                  "colorBrdNatGray": "#333333",
                  "colorBrdNatGray1": "#777777",
                  "colorBrdNatGray2": "#BBBBBB",
                  "colorBrdNatGray3": "#EEEEEE",
                },
                "primary": Object {
                  "contrastText": "#333333",
                  "dark": "#EF8426",
                  "light": "#FEFDE8",
                  "main": "#F4AB34",
                },
                "secondary": Object {
                  "contrastText": "#000000",
                  "dark": "#EF8426",
                  "light": "#FEFDE8",
                  "main": "#FF6B0B",
                },
                "success": Object {
                  "contrastText": "#FFFFFF",
                  "main": "#569A32",
                },
                "text": Object {
                  "disabled": "#BBBBBB",
                  "hint": "#BBBBBB",
                  "primary": "#333333",
                  "secondary": "#777777",
                },
              },
              "shadows": Object {
                "0": "none",
                "1": "0 1px 1px 0 rgba(0, 0, 0, 0.14)",
                "12": "0 12px 17px 0 rgba(0, 0, 0, 0.14)",
                "16": "0 16px 24px 0 rgba(0, 0, 0, 0.14)",
                "2": "0 2px 2px 0 rgba(0, 0, 0, 0.14)",
                "24": "0 24px 38px 0 rgba(0, 0, 0, 0.14)",
                "3": "0 3px 4px 0 rgba(0, 0, 0, 0.14)",
                "4": "0 4px 5px 0 rgba(0, 0, 0, 0.14)",
                "6": "0 6px 10px 0 rgba(0, 0, 0, 0.14)",
                "8": "0 8px 10px 0 rgba(0, 0, 0, 0.14)",
                "9": "0 9px 12px 0 rgba(0, 0, 0, 0.14)",
              },
              "shape": Object {
                "badgeBorderRadius": 100,
                "borderRadius": 4,
              },
              "sizes": Object {
                "huge": 96,
                "hugex": 128,
                "hugexx": 144,
                "hugexxx": 192,
                "large": 64,
                "largex": 72,
                "largexx": 80,
                "largexxx": 88,
                "medium": 48,
                "mediumx": 56,
                "micro": 4,
                "none": 0,
                "semi": 32,
                "semix": 40,
                "small": 16,
                "standard": 24,
                "tiny": 8,
                "veryhuge": 256,
              },
              "spacing": Object {
                "spacing": 8,
                "spacingHuge": 64,
                "spacingLarge": 48,
                "spacingMicro": 4,
                "spacingNone": 0,
                "spacingSemi": 32,
                "spacingSmall": 16,
                "spacingStandard": 24,
                "spacingTiny": 8,
              },
              "typography": Object {
                "body1": Object {
                  "color": "#333333",
                  "fontSize": 16,
                  "fontWeight": 400,
                  "lineHeight": 24,
                },
                "body2": Object {
                  "fontSize": 14,
                  "fontWeight": 400,
                  "lineHeight": 21,
                },
                "button": Object {
                  "fontSize": 14,
                  "fontWeight": 500,
                  "lineHeight": 21,
                },
                "caption": Object {
                  "fontSize": 12,
                  "fontWeight": 400,
                  "lineHeight": 18,
                },
                "h1": Object {
                  "fontSize": 96,
                  "fontWeight": 400,
                  "lineHeight": 144,
                },
                "h2": Object {
                  "fontSize": 60,
                  "fontWeight": 400,
                  "lineHeight": 90,
                },
                "h3": Object {
                  "fontSize": 48,
                  "fontWeight": 400,
                  "lineHeight": 72,
                },
                "h4": Object {
                  "fontSize": 34,
                  "fontWeight": 400,
                  "lineHeight": 51,
                },
                "h5": Object {
                  "fontSize": 24,
                  "fontWeight": 400,
                  "lineHeight": 36,
                },
                "h6": Object {
                  "color": "#333333",
                  "fontSize": 20,
                  "fontWeight": 500,
                  "lineHeight": 30,
                },
                "overline": Object {
                  "fontSize": 12,
                  "fontWeight": 500,
                  "lineHeight": 18,
                },
                "subtitle1": Object {
                  "fontSize": 16,
                  "fontWeight": 500,
                  "lineHeight": 24,
                },
                "subtitle2": Object {
                  "fontSize": 14,
                  "fontWeight": 500,
                  "lineHeight": 21,
                },
              },
            }
          }
        >
          <View
            defaultSize="56px"
            state="default"
            style={
              Array [
                Object {
                  "backgroundColor": "transparent",
                  "borderColor": "#BBBBBB",
                  "borderRadius": 4,
                  "borderStyle": "solid",
                  "borderWidth": 1,
                  "flexDirection": "row",
                  "height": 56,
                  "justifyContent": "space-between",
                  "paddingBottom": 0,
                  "paddingLeft": 16,
                },
              ]
            }
            theme={
              Object {
                "avatarSizes": Object {
                  "huge": Object {
                    "fontSize": "1.5rem",
                    "size": 80,
                  },
                  "large": Object {
                    "fontSize": "1rem",
                    "size": 48,
                  },
                  "small": Object {
                    "fontSize": ".875rem",
                    "size": 32,
                  },
                  "standard": Object {
                    "fontSize": "1rem",
                    "size": 40,
                  },
                  "tiny": Object {
                    "fontSize": ".625rem",
                    "size": 24,
                  },
                },
                "buttonSizes": Object {
                  "large": Object {
                    "minHeight": 48,
                    "paddingBottom": 16,
                    "paddingLeft": 16,
                    "paddingRight": 16,
                    "paddingTop": 16,
                  },
                  "medium": Object {
                    "minHeight": 40,
                    "paddingBottom": 12,
                    "paddingLeft": 16,
                    "paddingRight": 16,
                    "paddingTop": 12,
                  },
                  "small": Object {
                    "minHeight": 32,
                    "paddingBottom": 8,
                    "paddingLeft": 8,
                    "paddingRight": 8,
                    "paddingTop": 8,
                  },
                },
                "iconSizes": Object {
                  "huge": 144,
                  "hugex": 192,
                  "hugexx": 256,
                  "large": 72,
                  "largex": 96,
                  "largexx": 128,
                  "medium": 64,
                  "micro": 16,
                  "small": 32,
                  "standard": 48,
                  "tiny": 24,
                },
                "overrides": Object {
                  "MuiAvatar": Object {
                    "colorDefault": Object {
                      "color": "#333333",
                    },
                  },
                  "MuiButton": Object {
                    "outlinedPrimary": Object {
                      "color": "#333333",
                    },
                    "outlinedSecondary": Object {
                      "color": "#333333",
                    },
                    "root": Object {
                      "fontSize": "0.875rem",
                      "minHeight": "40px",
                      "padding": "8px 16px",
                    },
                    "sizeLarge": Object {
                      "fontSize": "0.875rem",
                      "minHeight": "48px",
                    },
                    "sizeSmall": Object {
                      "fontSize": "0.875rem",
                      "minHeight": "32px",
                    },
                  },
                  "MuiIconButton": Object {
                    "root": Object {
                      "padding": "8px",
                    },
                    "sizeSmall": Object {
                      "padding": "4px",
                    },
                  },
                  "MuiListItem": Object {
                    "button": Object {
                      "&:hover": Object {
                        "backgroundColor": "rgba(255, 107, 11, .08)",
                      },
                    },
                    "root": Object {
                      "&$selected": Object {
                        "backgroundColor": "rgba(255, 107, 11, .16)",
                      },
                      "&$selected:hover": Object {
                        "backgroundColor": "rgba(255, 107, 11, .08)",
                      },
                    },
                  },
                  "MuiTab": Object {
                    "root": Object {
                      "&$disabled": Object {
                        "opacity": 0.24,
                      },
                    },
                    "textColorInherit": Object {
                      "&$disabled": Object {
                        "opacity": 0.24,
                      },
                    },
                    "wrapper": Object {
                      "& > *:first-child": Object {
                        "marginBottom": "2px !important",
                      },
                    },
                  },
                  "MuiToolbar": Object {
                    "dense": Object {
                      "@media (min-width: 600px)": Object {
                        "minHeight": "56px",
                      },
                      "minHeight": "56px",
                    },
                    "gutters": Object {
                      "@media (min-width: 600px)": Object {
                        "padding": "0 16px",
                      },
                      "padding": "0 16px",
                    },
                    "regular": Object {
                      "@media (min-width: 600px)": Object {
                        "minHeight": "56px",
                      },
                      "minHeight": "56px",
                    },
                    "root": Object {
                      "@media (min-width: 600px)": Object {
                        "padding": "0 16px",
                      },
                      "padding": "0 16px",
                    },
                  },
                },
                "palette": Object {
                  "action": Object {
                    "disabled": "rgba(0, 0, 0, .24)",
                  },
                  "background": Object {
                    "default": "#FAFAFA",
                    "defaultContrastText": "#333333",
                    "paper": "#FFFFFF",
                    "paperContrastText": "#333333",
                  },
                  "complementary": Object {
                    "highlight": "#000000",
                    "link": "#227BBD",
                    "linkContrastText": "#FFFFFF",
                    "warning": "#FCC433",
                    "warningContrastText": "#000000",
                  },
                  "error": Object {
                    "contrastText": "#FFFFFF",
                    "main": "#E74627",
                  },
                  "grayscale": Object {
                    "colorBrdBlack": "#000000",
                    "colorBrdNatGray": "#333333",
                    "colorBrdNatGray1": "#777777",
                    "colorBrdNatGray2": "#BBBBBB",
                    "colorBrdNatGray3": "#EEEEEE",
                  },
                  "primary": Object {
                    "contrastText": "#333333",
                    "dark": "#EF8426",
                    "light": "#FEFDE8",
                    "main": "#F4AB34",
                  },
                  "secondary": Object {
                    "contrastText": "#000000",
                    "dark": "#EF8426",
                    "light": "#FEFDE8",
                    "main": "#FF6B0B",
                  },
                  "success": Object {
                    "contrastText": "#FFFFFF",
                    "main": "#569A32",
                  },
                  "text": Object {
                    "disabled": "#BBBBBB",
                    "hint": "#BBBBBB",
                    "primary": "#333333",
                    "secondary": "#777777",
                  },
                },
                "shadows": Object {
                  "0": "none",
                  "1": "0 1px 1px 0 rgba(0, 0, 0, 0.14)",
                  "12": "0 12px 17px 0 rgba(0, 0, 0, 0.14)",
                  "16": "0 16px 24px 0 rgba(0, 0, 0, 0.14)",
                  "2": "0 2px 2px 0 rgba(0, 0, 0, 0.14)",
                  "24": "0 24px 38px 0 rgba(0, 0, 0, 0.14)",
                  "3": "0 3px 4px 0 rgba(0, 0, 0, 0.14)",
                  "4": "0 4px 5px 0 rgba(0, 0, 0, 0.14)",
                  "6": "0 6px 10px 0 rgba(0, 0, 0, 0.14)",
                  "8": "0 8px 10px 0 rgba(0, 0, 0, 0.14)",
                  "9": "0 9px 12px 0 rgba(0, 0, 0, 0.14)",
                },
                "shape": Object {
                  "badgeBorderRadius": 100,
                  "borderRadius": 4,
                },
                "sizes": Object {
                  "huge": 96,
                  "hugex": 128,
                  "hugexx": 144,
                  "hugexxx": 192,
                  "large": 64,
                  "largex": 72,
                  "largexx": 80,
                  "largexxx": 88,
                  "medium": 48,
                  "mediumx": 56,
                  "micro": 4,
                  "none": 0,
                  "semi": 32,
                  "semix": 40,
                  "small": 16,
                  "standard": 24,
                  "tiny": 8,
                  "veryhuge": 256,
                },
                "spacing": Object {
                  "spacing": 8,
                  "spacingHuge": 64,
                  "spacingLarge": 48,
                  "spacingMicro": 4,
                  "spacingNone": 0,
                  "spacingSemi": 32,
                  "spacingSmall": 16,
                  "spacingStandard": 24,
                  "spacingTiny": 8,
                },
                "typography": Object {
                  "body1": Object {
                    "color": "#333333",
                    "fontSize": 16,
                    "fontWeight": 400,
                    "lineHeight": 24,
                  },
                  "body2": Object {
                    "fontSize": 14,
                    "fontWeight": 400,
                    "lineHeight": 21,
                  },
                  "button": Object {
                    "fontSize": 14,
                    "fontWeight": 500,
                    "lineHeight": 21,
                  },
                  "caption": Object {
                    "fontSize": 12,
                    "fontWeight": 400,
                    "lineHeight": 18,
                  },
                  "h1": Object {
                    "fontSize": 96,
                    "fontWeight": 400,
                    "lineHeight": 144,
                  },
                  "h2": Object {
                    "fontSize": 60,
                    "fontWeight": 400,
                    "lineHeight": 90,
                  },
                  "h3": Object {
                    "fontSize": 48,
                    "fontWeight": 400,
                    "lineHeight": 72,
                  },
                  "h4": Object {
                    "fontSize": 34,
                    "fontWeight": 400,
                    "lineHeight": 51,
                  },
                  "h5": Object {
                    "fontSize": 24,
                    "fontWeight": 400,
                    "lineHeight": 36,
                  },
                  "h6": Object {
                    "color": "#333333",
                    "fontSize": 20,
                    "fontWeight": 500,
                    "lineHeight": 30,
                  },
                  "overline": Object {
                    "fontSize": 12,
                    "fontWeight": 500,
                    "lineHeight": 18,
                  },
                  "subtitle1": Object {
                    "fontSize": 16,
                    "fontWeight": 500,
                    "lineHeight": 24,
                  },
                  "subtitle2": Object {
                    "fontSize": 14,
                    "fontWeight": 500,
                    "lineHeight": 21,
                  },
                },
              }
            }
            type="default"
          >
            <TextInput
              allowFontScaling={true}
              editable={true}
              multiline={false}
              numberOfLines={1}
              onBlur={[Function]}
              onChangeText={[Function]}
              onFocus={[Function]}
              placeholder="Search"
              rejectResponderTermination={true}
              size="normal"
              state="default"
              style={
                Array [
                  Object {
                    "alignSelf": "center",
                    "color": "#777777",
                    "flexBasis": 0,
                    "flexGrow": 7,
                    "flexShrink": 1,
                    "fontSize": 16,
                    "height": 56,
                    "letterSpacing": 0,
                    "paddingBottom": 16,
                    "paddingTop": 16,
                    "textAlignVertical": "top",
                  },
                  Object {
                    "height": 52,
                  },
                ]
              }
              theme={
                Object {
                  "avatarSizes": Object {
                    "huge": Object {
                      "fontSize": "1.5rem",
                      "size": 80,
                    },
                    "large": Object {
                      "fontSize": "1rem",
                      "size": 48,
                    },
                    "small": Object {
                      "fontSize": ".875rem",
                      "size": 32,
                    },
                    "standard": Object {
                      "fontSize": "1rem",
                      "size": 40,
                    },
                    "tiny": Object {
                      "fontSize": ".625rem",
                      "size": 24,
                    },
                  },
                  "buttonSizes": Object {
                    "large": Object {
                      "minHeight": 48,
                      "paddingBottom": 16,
                      "paddingLeft": 16,
                      "paddingRight": 16,
                      "paddingTop": 16,
                    },
                    "medium": Object {
                      "minHeight": 40,
                      "paddingBottom": 12,
                      "paddingLeft": 16,
                      "paddingRight": 16,
                      "paddingTop": 12,
                    },
                    "small": Object {
                      "minHeight": 32,
                      "paddingBottom": 8,
                      "paddingLeft": 8,
                      "paddingRight": 8,
                      "paddingTop": 8,
                    },
                  },
                  "iconSizes": Object {
                    "huge": 144,
                    "hugex": 192,
                    "hugexx": 256,
                    "large": 72,
                    "largex": 96,
                    "largexx": 128,
                    "medium": 64,
                    "micro": 16,
                    "small": 32,
                    "standard": 48,
                    "tiny": 24,
                  },
                  "overrides": Object {
                    "MuiAvatar": Object {
                      "colorDefault": Object {
                        "color": "#333333",
                      },
                    },
                    "MuiButton": Object {
                      "outlinedPrimary": Object {
                        "color": "#333333",
                      },
                      "outlinedSecondary": Object {
                        "color": "#333333",
                      },
                      "root": Object {
                        "fontSize": "0.875rem",
                        "minHeight": "40px",
                        "padding": "8px 16px",
                      },
                      "sizeLarge": Object {
                        "fontSize": "0.875rem",
                        "minHeight": "48px",
                      },
                      "sizeSmall": Object {
                        "fontSize": "0.875rem",
                        "minHeight": "32px",
                      },
                    },
                    "MuiIconButton": Object {
                      "root": Object {
                        "padding": "8px",
                      },
                      "sizeSmall": Object {
                        "padding": "4px",
                      },
                    },
                    "MuiListItem": Object {
                      "button": Object {
                        "&:hover": Object {
                          "backgroundColor": "rgba(255, 107, 11, .08)",
                        },
                      },
                      "root": Object {
                        "&$selected": Object {
                          "backgroundColor": "rgba(255, 107, 11, .16)",
                        },
                        "&$selected:hover": Object {
                          "backgroundColor": "rgba(255, 107, 11, .08)",
                        },
                      },
                    },
                    "MuiTab": Object {
                      "root": Object {
                        "&$disabled": Object {
                          "opacity": 0.24,
                        },
                      },
                      "textColorInherit": Object {
                        "&$disabled": Object {
                          "opacity": 0.24,
                        },
                      },
                      "wrapper": Object {
                        "& > *:first-child": Object {
                          "marginBottom": "2px !important",
                        },
                      },
                    },
                    "MuiToolbar": Object {
                      "dense": Object {
                        "@media (min-width: 600px)": Object {
                          "minHeight": "56px",
                        },
                        "minHeight": "56px",
                      },
                      "gutters": Object {
                        "@media (min-width: 600px)": Object {
                          "padding": "0 16px",
                        },
                        "padding": "0 16px",
                      },
                      "regular": Object {
                        "@media (min-width: 600px)": Object {
                          "minHeight": "56px",
                        },
                        "minHeight": "56px",
                      },
                      "root": Object {
                        "@media (min-width: 600px)": Object {
                          "padding": "0 16px",
                        },
                        "padding": "0 16px",
                      },
                    },
                  },
                  "palette": Object {
                    "action": Object {
                      "disabled": "rgba(0, 0, 0, .24)",
                    },
                    "background": Object {
                      "default": "#FAFAFA",
                      "defaultContrastText": "#333333",
                      "paper": "#FFFFFF",
                      "paperContrastText": "#333333",
                    },
                    "complementary": Object {
                      "highlight": "#000000",
                      "link": "#227BBD",
                      "linkContrastText": "#FFFFFF",
                      "warning": "#FCC433",
                      "warningContrastText": "#000000",
                    },
                    "error": Object {
                      "contrastText": "#FFFFFF",
                      "main": "#E74627",
                    },
                    "grayscale": Object {
                      "colorBrdBlack": "#000000",
                      "colorBrdNatGray": "#333333",
                      "colorBrdNatGray1": "#777777",
                      "colorBrdNatGray2": "#BBBBBB",
                      "colorBrdNatGray3": "#EEEEEE",
                    },
                    "primary": Object {
                      "contrastText": "#333333",
                      "dark": "#EF8426",
                      "light": "#FEFDE8",
                      "main": "#F4AB34",
                    },
                    "secondary": Object {
                      "contrastText": "#000000",
                      "dark": "#EF8426",
                      "light": "#FEFDE8",
                      "main": "#FF6B0B",
                    },
                    "success": Object {
                      "contrastText": "#FFFFFF",
                      "main": "#569A32",
                    },
                    "text": Object {
                      "disabled": "#BBBBBB",
                      "hint": "#BBBBBB",
                      "primary": "#333333",
                      "secondary": "#777777",
                    },
                  },
                  "shadows": Object {
                    "0": "none",
                    "1": "0 1px 1px 0 rgba(0, 0, 0, 0.14)",
                    "12": "0 12px 17px 0 rgba(0, 0, 0, 0.14)",
                    "16": "0 16px 24px 0 rgba(0, 0, 0, 0.14)",
                    "2": "0 2px 2px 0 rgba(0, 0, 0, 0.14)",
                    "24": "0 24px 38px 0 rgba(0, 0, 0, 0.14)",
                    "3": "0 3px 4px 0 rgba(0, 0, 0, 0.14)",
                    "4": "0 4px 5px 0 rgba(0, 0, 0, 0.14)",
                    "6": "0 6px 10px 0 rgba(0, 0, 0, 0.14)",
                    "8": "0 8px 10px 0 rgba(0, 0, 0, 0.14)",
                    "9": "0 9px 12px 0 rgba(0, 0, 0, 0.14)",
                  },
                  "shape": Object {
                    "badgeBorderRadius": 100,
                    "borderRadius": 4,
                  },
                  "sizes": Object {
                    "huge": 96,
                    "hugex": 128,
                    "hugexx": 144,
                    "hugexxx": 192,
                    "large": 64,
                    "largex": 72,
                    "largexx": 80,
                    "largexxx": 88,
                    "medium": 48,
                    "mediumx": 56,
                    "micro": 4,
                    "none": 0,
                    "semi": 32,
                    "semix": 40,
                    "small": 16,
                    "standard": 24,
                    "tiny": 8,
                    "veryhuge": 256,
                  },
                  "spacing": Object {
                    "spacing": 8,
                    "spacingHuge": 64,
                    "spacingLarge": 48,
                    "spacingMicro": 4,
                    "spacingNone": 0,
                    "spacingSemi": 32,
                    "spacingSmall": 16,
                    "spacingStandard": 24,
                    "spacingTiny": 8,
                  },
                  "typography": Object {
                    "body1": Object {
                      "color": "#333333",
                      "fontSize": 16,
                      "fontWeight": 400,
                      "lineHeight": 24,
                    },
                    "body2": Object {
                      "fontSize": 14,
                      "fontWeight": 400,
                      "lineHeight": 21,
                    },
                    "button": Object {
                      "fontSize": 14,
                      "fontWeight": 500,
                      "lineHeight": 21,
                    },
                    "caption": Object {
                      "fontSize": 12,
                      "fontWeight": 400,
                      "lineHeight": 18,
                    },
                    "h1": Object {
                      "fontSize": 96,
                      "fontWeight": 400,
                      "lineHeight": 144,
                    },
                    "h2": Object {
                      "fontSize": 60,
                      "fontWeight": 400,
                      "lineHeight": 90,
                    },
                    "h3": Object {
                      "fontSize": 48,
                      "fontWeight": 400,
                      "lineHeight": 72,
                    },
                    "h4": Object {
                      "fontSize": 34,
                      "fontWeight": 400,
                      "lineHeight": 51,
                    },
                    "h5": Object {
                      "fontSize": 24,
                      "fontWeight": 400,
                      "lineHeight": 36,
                    },
                    "h6": Object {
                      "color": "#333333",
                      "fontSize": 20,
                      "fontWeight": 500,
                      "lineHeight": 30,
                    },
                    "overline": Object {
                      "fontSize": 12,
                      "fontWeight": 500,
                      "lineHeight": 18,
                    },
                    "subtitle1": Object {
                      "fontSize": 16,
                      "fontWeight": 500,
                      "lineHeight": 24,
                    },
                    "subtitle2": Object {
                      "fontSize": 14,
                      "fontWeight": 500,
                      "lineHeight": 21,
                    },
                  },
                }
              }
              type="default"
              underlineColorAndroid="transparent"
              value=""
            />
          </View>
        </View>
        <RCTScrollView
          data={
            Array [
              Object {
                "name": "filled-action-add",
              },
              Object {
                "name": "filled-action-cancel",
              },
              Object {
                "name": "filled-action-check",
              },
              Object {
                "name": "filled-action-rating",
              },
              Object {
                "name": "filled-action-subtract",
              },
              Object {
                "name": "filled-brand-naturarosacea",
              },
              Object {
                "name": "filled-media-pause",
              },
              Object {
                "name": "filled-media-play",
              },
              Object {
                "name": "filled-navigation-directionleft",
              },
              Object {
                "name": "filled-navigation-directionright",
              },
              Object {
                "name": "filled-navigation-directiontbottom",
              },
              Object {
                "name": "filled-navigation-directiontop",
              },
              Object {
                "name": "filled-navigation-menu",
              },
              Object {
                "name": "filled-navigation-more",
              },
              Object {
                "name": "outlined-action-add",
              },
              Object {
                "name": "outlined-action-attachment",
              },
              Object {
                "name": "outlined-action-autofilter",
              },
              Object {
                "name": "outlined-action-calendar",
              },
              Object {
                "name": "outlined-action-cancel",
              },
              Object {
                "name": "outlined-action-change",
              },
              Object {
                "name": "outlined-action-check",
              },
              Object {
                "name": "outlined-action-closedbox",
              },
              Object {
                "name": "outlined-action-copy",
              },
              Object {
                "name": "outlined-action-cycle",
              },
              Object {
                "name": "outlined-action-delete",
              },
              Object {
                "name": "outlined-action-done",
              },
              Object {
                "name": "outlined-action-download",
              },
              Object {
                "name": "outlined-action-edit",
              },
              Object {
                "name": "outlined-action-favorite",
              },
              Object {
                "name": "outlined-action-filter",
              },
              Object {
                "name": "outlined-action-gridsquare",
              },
              Object {
                "name": "outlined-action-help",
              },
              Object {
                "name": "outlined-action-history",
              },
              Object {
                "name": "outlined-action-like",
              },
              Object {
                "name": "outlined-action-list",
              },
              Object {
                "name": "outlined-action-love",
              },
              Object {
                "name": "outlined-action-mic",
              },
              Object {
                "name": "outlined-action-micrec",
              },
              Object {
                "name": "outlined-action-newrequest",
              },
              Object {
                "name": "outlined-action-order",
              },
              Object {
                "name": "outlined-action-phone",
              },
              Object {
                "name": "outlined-action-print",
              },
              Object {
                "name": "outlined-action-rating",
              },
              Object {
                "name": "outlined-action-request",
              },
              Object {
                "name": "outlined-action-save",
              },
              Object {
                "name": "outlined-action-schedule",
              },
              Object {
                "name": "outlined-action-search",
              },
              Object {
                "name": "outlined-action-selectedalllines",
              },
              Object {
                "name": "outlined-action-send",
              },
              Object {
                "name": "outlined-action-settings",
              },
              Object {
                "name": "outlined-action-share",
              },
              Object {
                "name": "outlined-action-subtract",
              },
              Object {
                "name": "outlined-action-update",
              },
              Object {
                "name": "outlined-action-upload",
              },
              Object {
                "name": "outlined-action-visibility",
              },
              Object {
                "name": "outlined-action-visibilityoff",
              },
              Object {
                "name": "outlined-alert-empty",
              },
              Object {
                "name": "outlined-alert-indeterminate",
              },
              Object {
                "name": "outlined-alert-info",
              },
              Object {
                "name": "outlined-communication-chat",
              },
              Object {
                "name": "outlined-communication-email",
              },
              Object {
                "name": "outlined-communication-help",
              },
              Object {
                "name": "outlined-communication-message",
              },
              Object {
                "name": "outlined-communication-occurrence",
              },
              Object {
                "name": "outlined-communication-readEmail",
              },
              Object {
                "name": "outlined-communication-signal",
              },
              Object {
                "name": "outlined-communication-speaker",
              },
              Object {
                "name": "outlined-communication-treatment",
              },
              Object {
                "name": "outlined-content-adddocument",
              },
              Object {
                "name": "outlined-content-agility",
              },
              Object {
                "name": "outlined-content-book",
              },
              Object {
                "name": "outlined-content-brightness",
              },
              Object {
                "name": "outlined-content-changeview",
              },
              Object {
                "name": "outlined-content-channel",
              },
              Object {
                "name": "outlined-content-christmascard",
              },
              Object {
                "name": "outlined-content-consistency",
              },
              Object {
                "name": "outlined-content-divulgation",
              },
              Object {
                "name": "outlined-content-education",
              },
              Object {
                "name": "outlined-content-gift",
              },
              Object {
                "name": "outlined-content-global",
              },
              Object {
                "name": "outlined-content-health",
              },
              Object {
                "name": "outlined-content-lock",
              },
              Object {
                "name": "outlined-content-magic",
              },
              Object {
                "name": "outlined-content-medal",
              },
              Object {
                "name": "outlined-content-menu",
              },
              Object {
                "name": "outlined-content-mirror",
              },
              Object {
                "name": "outlined-content-produtivity",
              },
              Object {
                "name": "outlined-content-store",
              },
              Object {
                "name": "outlined-content-wifi",
              },
              Object {
                "name": "outlined-finance-bag",
              },
              Object {
                "name": "outlined-finance-cards",
              },
              Object {
                "name": "outlined-finance-charging",
              },
              Object {
                "name": "outlined-finance-creditcard",
              },
              Object {
                "name": "outlined-finance-debit",
              },
              Object {
                "name": "outlined-finance-discount",
              },
              Object {
                "name": "outlined-finance-littlemachine",
              },
              Object {
                "name": "outlined-finance-money",
              },
              Object {
                "name": "outlined-finance-moneypaper",
              },
              Object {
                "name": "outlined-finance-promotion",
              },
              Object {
                "name": "outlined-finance-shoppingcart",
              },
              Object {
                "name": "outlined-finance-shoppingcartproduct",
              },
              Object {
                "name": "outlined-finance-tagdiscount",
              },
              Object {
                "name": "outlined-finance-transfermoney",
              },
              Object {
                "name": "outlined-media-app",
              },
              Object {
                "name": "outlined-media-camera",
              },
              Object {
                "name": "outlined-media-monitor",
              },
              Object {
                "name": "outlined-media-play",
              },
              Object {
                "name": "outlined-navigation-arrowbottom",
              },
              Object {
                "name": "outlined-navigation-arrowleft",
              },
              Object {
                "name": "outlined-navigation-arrowright",
              },
              Object {
                "name": "outlined-navigation-arrowtop",
              },
              Object {
                "name": "outlined-navigation-close",
              },
              Object {
                "name": "outlined-navigation-directionbottom",
              },
              Object {
                "name": "outlined-navigation-directionleft",
              },
              Object {
                "name": "outlined-navigation-directionright",
              },
              Object {
                "name": "outlined-navigation-directiontop",
              },
              Object {
                "name": "outlined-navigation-exit",
              },
              Object {
                "name": "outlined-navigation-goback",
              },
              Object {
                "name": "outlined-navigation-gofront",
              },
              Object {
                "name": "outlined-navigation-home",
              },
              Object {
                "name": "outlined-navigation-menu",
              },
              Object {
                "name": "outlined-place-bus",
              },
              Object {
                "name": "outlined-place-forklift",
              },
              Object {
                "name": "outlined-place-local",
              },
              Object {
                "name": "outlined-place-truck",
              },
              Object {
                "name": "outlined-place-waze",
              },
              Object {
                "name": "outlined-product-bagproduct",
              },
              Object {
                "name": "outlined-product-beard",
              },
              Object {
                "name": "outlined-product-brandsproduct",
              },
              Object {
                "name": "outlined-product-childish",
              },
              Object {
                "name": "outlined-product-dailycare",
              },
              Object {
                "name": "outlined-product-hair",
              },
              Object {
                "name": "outlined-product-makeup",
              },
              Object {
                "name": "outlined-product-outlet",
              },
              Object {
                "name": "outlined-product-perfumery",
              },
              Object {
                "name": "outlined-product-promotionproduct",
              },
              Object {
                "name": "outlined-product-vegan",
              },
              Object {
                "name": "outlined-social-addcontact",
              },
              Object {
                "name": "outlined-social-birthday",
              },
              Object {
                "name": "outlined-social-collaborate",
              },
              Object {
                "name": "outlined-social-contact",
              },
              Object {
                "name": "outlined-social-digitalconsultant",
              },
              Object {
                "name": "outlined-social-groupofpeople",
              },
              Object {
                "name": "outlined-social-myprofile",
              },
              Object {
                "name": "outlined-social-network",
              },
              Object {
                "name": "outlined-social-person",
              },
            ]
          }
          disableVirtualization={false}
          getItem={[Function]}
          getItemCount={[Function]}
          horizontal={false}
          initialNumToRender={10}
          keyExtractor={[Function]}
          maxToRenderPerBatch={10}
          numColumns={1}
          onContentSizeChange={[Function]}
          onEndReachedThreshold={2}
          onLayout={[Function]}
          onMomentumScrollEnd={[Function]}
          onScroll={[Function]}
          onScrollBeginDrag={[Function]}
          onScrollEndDrag={[Function]}
          removeClippedSubviews={false}
          renderItem={[Function]}
          scrollEventThrottle={50}
          stickyHeaderIndices={Array []}
          updateCellsBatchingPeriod={50}
          viewabilityConfigCallbackPairs={Array []}
          windowSize={21}
        >
          <View>
            <View
              onLayout={[Function]}
              style={null}
            >
              <View
                style={
                  Object {
                    "flex": 1,
                    "flexDirection": "row",
                  }
                }
              >
                <SvgMock
                  height={24}
                  style={
                    Object {
                      "fill": "#333333",
                    }
                  }
                  width={24}
                />
                <View
                  margin={24}
                  style={
                    Array [
                      Object {
                        "marginBottom": 24,
                        "marginLeft": 0,
                        "marginRight": 0,
                        "marginTop": 0,
                        "paddingBottom": 0,
                        "paddingLeft": 0,
                        "paddingRight": 0,
                        "paddingTop": 0,
                      },
                    ]
                  }
                >
                  <Text
                    color="#333333"
                    style={
                      Array [
                        Object {
                          "color": "#333333",
                          "fontSize": 16,
                          "fontWeight": "400",
                          "lineHeight": 24,
                          "textAlign": "auto",
                        },
                      ]
                    }
                    textAlign="auto"
                    type="body1"
                  >
                    filled-action-add
                  </Text>
                </View>
              </View>
            </View>
            <View
              onLayout={[Function]}
              style={null}
            >
              <View
                style={
                  Object {
                    "flex": 1,
                    "flexDirection": "row",
                  }
                }
              >
                <SvgMock
                  height={24}
                  style={
                    Object {
                      "fill": "#333333",
                    }
                  }
                  width={24}
                />
                <View
                  margin={24}
                  style={
                    Array [
                      Object {
                        "marginBottom": 24,
                        "marginLeft": 0,
                        "marginRight": 0,
                        "marginTop": 0,
                        "paddingBottom": 0,
                        "paddingLeft": 0,
                        "paddingRight": 0,
                        "paddingTop": 0,
                      },
                    ]
                  }
                >
                  <Text
                    color="#333333"
                    style={
                      Array [
                        Object {
                          "color": "#333333",
                          "fontSize": 16,
                          "fontWeight": "400",
                          "lineHeight": 24,
                          "textAlign": "auto",
                        },
                      ]
                    }
                    textAlign="auto"
                    type="body1"
                  >
                    filled-action-cancel
                  </Text>
                </View>
              </View>
            </View>
            <View
              onLayout={[Function]}
              style={null}
            >
              <View
                style={
                  Object {
                    "flex": 1,
                    "flexDirection": "row",
                  }
                }
              >
                <SvgMock
                  height={24}
                  style={
                    Object {
                      "fill": "#333333",
                    }
                  }
                  width={24}
                />
                <View
                  margin={24}
                  style={
                    Array [
                      Object {
                        "marginBottom": 24,
                        "marginLeft": 0,
                        "marginRight": 0,
                        "marginTop": 0,
                        "paddingBottom": 0,
                        "paddingLeft": 0,
                        "paddingRight": 0,
                        "paddingTop": 0,
                      },
                    ]
                  }
                >
                  <Text
                    color="#333333"
                    style={
                      Array [
                        Object {
                          "color": "#333333",
                          "fontSize": 16,
                          "fontWeight": "400",
                          "lineHeight": 24,
                          "textAlign": "auto",
                        },
                      ]
                    }
                    textAlign="auto"
                    type="body1"
                  >
                    filled-action-check
                  </Text>
                </View>
              </View>
            </View>
            <View
              onLayout={[Function]}
              style={null}
            >
              <View
                style={
                  Object {
                    "flex": 1,
                    "flexDirection": "row",
                  }
                }
              >
                <SvgMock
                  height={24}
                  style={
                    Object {
                      "fill": "#333333",
                    }
                  }
                  width={24}
                />
                <View
                  margin={24}
                  style={
                    Array [
                      Object {
                        "marginBottom": 24,
                        "marginLeft": 0,
                        "marginRight": 0,
                        "marginTop": 0,
                        "paddingBottom": 0,
                        "paddingLeft": 0,
                        "paddingRight": 0,
                        "paddingTop": 0,
                      },
                    ]
                  }
                >
                  <Text
                    color="#333333"
                    style={
                      Array [
                        Object {
                          "color": "#333333",
                          "fontSize": 16,
                          "fontWeight": "400",
                          "lineHeight": 24,
                          "textAlign": "auto",
                        },
                      ]
                    }
                    textAlign="auto"
                    type="body1"
                  >
                    filled-action-rating
                  </Text>
                </View>
              </View>
            </View>
            <View
              onLayout={[Function]}
              style={null}
            >
              <View
                style={
                  Object {
                    "flex": 1,
                    "flexDirection": "row",
                  }
                }
              >
                <SvgMock
                  height={24}
                  style={
                    Object {
                      "fill": "#333333",
                    }
                  }
                  width={24}
                />
                <View
                  margin={24}
                  style={
                    Array [
                      Object {
                        "marginBottom": 24,
                        "marginLeft": 0,
                        "marginRight": 0,
                        "marginTop": 0,
                        "paddingBottom": 0,
                        "paddingLeft": 0,
                        "paddingRight": 0,
                        "paddingTop": 0,
                      },
                    ]
                  }
                >
                  <Text
                    color="#333333"
                    style={
                      Array [
                        Object {
                          "color": "#333333",
                          "fontSize": 16,
                          "fontWeight": "400",
                          "lineHeight": 24,
                          "textAlign": "auto",
                        },
                      ]
                    }
                    textAlign="auto"
                    type="body1"
                  >
                    filled-action-subtract
                  </Text>
                </View>
              </View>
            </View>
            <View
              onLayout={[Function]}
              style={null}
            >
              <View
                style={
                  Object {
                    "flex": 1,
                    "flexDirection": "row",
                  }
                }
              >
                <SvgMock
                  height={24}
                  style={
                    Object {
                      "fill": "#333333",
                    }
                  }
                  width={24}
                />
                <View
                  margin={24}
                  style={
                    Array [
                      Object {
                        "marginBottom": 24,
                        "marginLeft": 0,
                        "marginRight": 0,
                        "marginTop": 0,
                        "paddingBottom": 0,
                        "paddingLeft": 0,
                        "paddingRight": 0,
                        "paddingTop": 0,
                      },
                    ]
                  }
                >
                  <Text
                    color="#333333"
                    style={
                      Array [
                        Object {
                          "color": "#333333",
                          "fontSize": 16,
                          "fontWeight": "400",
                          "lineHeight": 24,
                          "textAlign": "auto",
                        },
                      ]
                    }
                    textAlign="auto"
                    type="body1"
                  >
                    filled-brand-naturarosacea
                  </Text>
                </View>
              </View>
            </View>
            <View
              onLayout={[Function]}
              style={null}
            >
              <View
                style={
                  Object {
                    "flex": 1,
                    "flexDirection": "row",
                  }
                }
              >
                <SvgMock
                  height={24}
                  style={
                    Object {
                      "fill": "#333333",
                    }
                  }
                  width={24}
                />
                <View
                  margin={24}
                  style={
                    Array [
                      Object {
                        "marginBottom": 24,
                        "marginLeft": 0,
                        "marginRight": 0,
                        "marginTop": 0,
                        "paddingBottom": 0,
                        "paddingLeft": 0,
                        "paddingRight": 0,
                        "paddingTop": 0,
                      },
                    ]
                  }
                >
                  <Text
                    color="#333333"
                    style={
                      Array [
                        Object {
                          "color": "#333333",
                          "fontSize": 16,
                          "fontWeight": "400",
                          "lineHeight": 24,
                          "textAlign": "auto",
                        },
                      ]
                    }
                    textAlign="auto"
                    type="body1"
                  >
                    filled-media-pause
                  </Text>
                </View>
              </View>
            </View>
            <View
              onLayout={[Function]}
              style={null}
            >
              <View
                style={
                  Object {
                    "flex": 1,
                    "flexDirection": "row",
                  }
                }
              >
                <SvgMock
                  height={24}
                  style={
                    Object {
                      "fill": "#333333",
                    }
                  }
                  width={24}
                />
                <View
                  margin={24}
                  style={
                    Array [
                      Object {
                        "marginBottom": 24,
                        "marginLeft": 0,
                        "marginRight": 0,
                        "marginTop": 0,
                        "paddingBottom": 0,
                        "paddingLeft": 0,
                        "paddingRight": 0,
                        "paddingTop": 0,
                      },
                    ]
                  }
                >
                  <Text
                    color="#333333"
                    style={
                      Array [
                        Object {
                          "color": "#333333",
                          "fontSize": 16,
                          "fontWeight": "400",
                          "lineHeight": 24,
                          "textAlign": "auto",
                        },
                      ]
                    }
                    textAlign="auto"
                    type="body1"
                  >
                    filled-media-play
                  </Text>
                </View>
              </View>
            </View>
            <View
              onLayout={[Function]}
              style={null}
            >
              <View
                style={
                  Object {
                    "flex": 1,
                    "flexDirection": "row",
                  }
                }
              >
                <SvgMock
                  height={24}
                  style={
                    Object {
                      "fill": "#333333",
                    }
                  }
                  width={24}
                />
                <View
                  margin={24}
                  style={
                    Array [
                      Object {
                        "marginBottom": 24,
                        "marginLeft": 0,
                        "marginRight": 0,
                        "marginTop": 0,
                        "paddingBottom": 0,
                        "paddingLeft": 0,
                        "paddingRight": 0,
                        "paddingTop": 0,
                      },
                    ]
                  }
                >
                  <Text
                    color="#333333"
                    style={
                      Array [
                        Object {
                          "color": "#333333",
                          "fontSize": 16,
                          "fontWeight": "400",
                          "lineHeight": 24,
                          "textAlign": "auto",
                        },
                      ]
                    }
                    textAlign="auto"
                    type="body1"
                  >
                    filled-navigation-directionleft
                  </Text>
                </View>
              </View>
            </View>
            <View
              onLayout={[Function]}
              style={null}
            >
              <View
                style={
                  Object {
                    "flex": 1,
                    "flexDirection": "row",
                  }
                }
              >
                <SvgMock
                  height={24}
                  style={
                    Object {
                      "fill": "#333333",
                    }
                  }
                  width={24}
                />
                <View
                  margin={24}
                  style={
                    Array [
                      Object {
                        "marginBottom": 24,
                        "marginLeft": 0,
                        "marginRight": 0,
                        "marginTop": 0,
                        "paddingBottom": 0,
                        "paddingLeft": 0,
                        "paddingRight": 0,
                        "paddingTop": 0,
                      },
                    ]
                  }
                >
                  <Text
                    color="#333333"
                    style={
                      Array [
                        Object {
                          "color": "#333333",
                          "fontSize": 16,
                          "fontWeight": "400",
                          "lineHeight": 24,
                          "textAlign": "auto",
                        },
                      ]
                    }
                    textAlign="auto"
                    type="body1"
                  >
                    filled-navigation-directionright
                  </Text>
                </View>
              </View>
            </View>
            <View
              style={
                Object {
                  "height": 0,
                }
              }
            />
          </View>
        </RCTScrollView>
      </View>
    </RCTScrollView>
  </View>
</RCTSafeAreaView>
`;
