// Jest Snapshot v1, https://goo.gl/fbAQLP

exports[`NatSpace component Should render Space component correctly: NatSpace snapshot 1`] = `
<View
  backgroundColor="transparent"
  marginBottom="small"
  marginLeft="none"
  marginRight="none"
  marginTop="none"
  paddingBottom="none"
  paddingLeft="none"
  paddingRight="none"
  paddingTop="none"
  style={
    Array [
      Object {
        "backgroundColor": "transparent",
        "marginBottom": 16,
        "marginLeft": 0,
        "marginRight": 0,
        "marginTop": 0,
        "paddingBottom": 0,
        "paddingLeft": 0,
        "paddingRight": 0,
        "paddingTop": 0,
      },
    ]
  }
>
  <Text>
    Hello
  </Text>
</View>
`;
