// Jest Snapshot v1, https://goo.gl/fbAQLP

exports[`StoryNatListItem component Should render StoryNatListItem component : StoryNatListItem snapshot 1`] = `
<RCTSafeAreaView
  emulateUnlessSupported={true}
  style={
    Object {
      "flex": 1,
      "width": 750,
    }
  }
>
  <View
    marginBottom="none"
    marginLeft="none"
    marginRight="none"
    marginTop="none"
    paddingBottom="small"
    paddingLeft="small"
    paddingRight="small"
    paddingTop="small"
    style={
      Array [
        Object {
          "backgroundColor": "#FFFFFF",
          "marginBottom": 0,
          "marginLeft": 0,
          "marginRight": 0,
          "marginTop": 0,
          "paddingBottom": 16,
          "paddingLeft": 16,
          "paddingRight": 16,
          "paddingTop": 16,
        },
      ]
    }
  >
    <RCTScrollView>
      <View>
        <View
          accessibilityRole="header"
          accessible={true}
          active={false}
          dividerBottom={false}
          dividerTop={false}
          style={
            Array [
              Object {
                "backgroundColor": "#FFFFFF29",
                "flexBasis": 0,
                "flexGrow": 1,
                "flexShrink": 1,
                "paddingBottom": 0,
                "paddingLeft": 0,
                "paddingRight": 0,
                "paddingTop": 0,
                "width": "100%",
              },
            ]
          }
        >
          <View
            style={
              Object {
                "left": 0,
                "position": "absolute",
              }
            }
          >
            <View
              accessible={true}
              focusable={true}
              isTVSelectable={true}
              onClick={[Function]}
              onResponderGrant={[Function]}
              onResponderMove={[Function]}
              onResponderRelease={[Function]}
              onResponderTerminate={[Function]}
              onResponderTerminationRequest={[Function]}
              onStartShouldSetResponder={[Function]}
              style={
                Object {
                  "alignSelf": "center",
                  "flexBasis": 0,
                  "flexGrow": 1,
                  "flexShrink": 1,
                  "height": 40,
                  "opacity": 1,
                  "paddingBottom": 12,
                  "paddingLeft": 16,
                  "paddingRight": 0,
                  "paddingTop": 12,
                  "width": 40,
                }
              }
            >
              <SvgMock
                height={24}
                style={
                  Object {
                    "fill": "#333333",
                  }
                }
                width={24}
              />
            </View>
          </View>
          <View
            hideIconLeft={false}
            hideIconRight={false}
            style={
              Array [
                Object {
                  "alignItems": "center",
                  "bottom": 0,
                  "color": "#333333",
                  "justifyContent": "center",
                  "left": 48,
                  "right": 48,
                  "top": 0,
                },
              ]
            }
          >
            <View
              accessible={true}
              focusable={true}
              isTVSelectable={true}
              onClick={[Function]}
              onResponderGrant={[Function]}
              onResponderMove={[Function]}
              onResponderRelease={[Function]}
              onResponderTerminate={[Function]}
              onResponderTerminationRequest={[Function]}
              onStartShouldSetResponder={[Function]}
              style={
                Object {
                  "alignSelf": "stretch",
                  "flexBasis": 0,
                  "flexGrow": 1,
                  "flexShrink": 1,
                  "justifyContent": "center",
                  "opacity": 1,
                }
              }
            >
              <Text
                accessibilityLabel="Title Text and SVG icon"
                style={
                  Array [
                    Object {
                      "color": "#333333",
                      "flexBasis": 0,
                      "flexGrow": 1,
                      "flexShrink": 1,
                      "fontSize": 16,
                      "justifyContent": "center",
                      "marginLeft": 0,
                      "paddingBottom": 12,
                      "paddingLeft": 16,
                      "paddingTop": 12,
                    },
                  ]
                }
              >
                Title Text and SVG icon
              </Text>
            </View>
          </View>
          <View
            style={
              Object {
                "position": "absolute",
                "right": 0,
              }
            }
          >
            <View
              accessible={true}
              focusable={true}
              isTVSelectable={true}
              onClick={[Function]}
              onResponderGrant={[Function]}
              onResponderMove={[Function]}
              onResponderRelease={[Function]}
              onResponderTerminate={[Function]}
              onResponderTerminationRequest={[Function]}
              onStartShouldSetResponder={[Function]}
              style={
                Object {
                  "alignSelf": "center",
                  "flexBasis": 0,
                  "flexGrow": 1,
                  "flexShrink": 1,
                  "height": 40,
                  "opacity": 1,
                  "paddingBottom": 12,
                  "paddingLeft": 0,
                  "paddingRight": 16,
                  "paddingTop": 12,
                  "width": 40,
                }
              }
            >
              <SvgMock
                height={24}
                style={
                  Object {
                    "fill": "#333333",
                  }
                }
                width={24}
              />
            </View>
          </View>
        </View>
        <View
          style={
            Object {
              "height": 10,
            }
          }
        />
        <View
          accessibilityRole="header"
          accessible={true}
          active={true}
          dividerBottom={true}
          dividerTop={false}
          style={
            Array [
              Object {
                "backgroundColor": "#FF6B0B29",
                "borderBottomColor": "#EEEEEE",
                "borderBottomWidth": 1,
                "flexBasis": 0,
                "flexGrow": 1,
                "flexShrink": 1,
                "paddingBottom": 0,
                "paddingLeft": 0,
                "paddingRight": 0,
                "paddingTop": 0,
                "width": "100%",
              },
            ]
          }
        >
          <View
            style={
              Object {
                "left": 0,
                "position": "absolute",
              }
            }
          >
            <View
              accessible={true}
              focusable={true}
              isTVSelectable={true}
              onClick={[Function]}
              onResponderGrant={[Function]}
              onResponderMove={[Function]}
              onResponderRelease={[Function]}
              onResponderTerminate={[Function]}
              onResponderTerminationRequest={[Function]}
              onStartShouldSetResponder={[Function]}
              style={
                Object {
                  "alignSelf": "center",
                  "flexBasis": 0,
                  "flexGrow": 1,
                  "flexShrink": 1,
                  "height": 40,
                  "opacity": 1,
                  "paddingBottom": 12,
                  "paddingLeft": 16,
                  "paddingRight": 0,
                  "paddingTop": 12,
                  "width": 40,
                }
              }
            >
              <SvgMock
                height={24}
                style={
                  Object {
                    "fill": "#333333",
                  }
                }
                width={24}
              />
            </View>
          </View>
          <View
            hideIconLeft={false}
            hideIconRight={false}
            style={
              Array [
                Object {
                  "alignItems": "center",
                  "bottom": 0,
                  "color": "#333333",
                  "justifyContent": "center",
                  "left": 48,
                  "right": 48,
                  "top": 0,
                },
              ]
            }
          >
            <View
              accessible={true}
              focusable={true}
              isTVSelectable={true}
              onClick={[Function]}
              onResponderGrant={[Function]}
              onResponderMove={[Function]}
              onResponderRelease={[Function]}
              onResponderTerminate={[Function]}
              onResponderTerminationRequest={[Function]}
              onStartShouldSetResponder={[Function]}
              style={
                Object {
                  "alignSelf": "stretch",
                  "flexBasis": 0,
                  "flexGrow": 1,
                  "flexShrink": 1,
                  "justifyContent": "center",
                  "opacity": 1,
                }
              }
            >
              <Text
                accessibilityLabel="Title Text and SVG icon"
                style={
                  Array [
                    Object {
                      "color": "#333333",
                      "flexBasis": 0,
                      "flexGrow": 1,
                      "flexShrink": 1,
                      "fontSize": 16,
                      "justifyContent": "center",
                      "marginLeft": 0,
                      "paddingBottom": 12,
                      "paddingLeft": 16,
                      "paddingTop": 12,
                    },
                  ]
                }
              >
                Title Text and SVG icon
              </Text>
            </View>
          </View>
          <View
            style={
              Object {
                "position": "absolute",
                "right": 0,
              }
            }
          >
            <View
              accessible={true}
              focusable={true}
              isTVSelectable={true}
              onClick={[Function]}
              onResponderGrant={[Function]}
              onResponderMove={[Function]}
              onResponderRelease={[Function]}
              onResponderTerminate={[Function]}
              onResponderTerminationRequest={[Function]}
              onStartShouldSetResponder={[Function]}
              style={
                Object {
                  "alignSelf": "center",
                  "flexBasis": 0,
                  "flexGrow": 1,
                  "flexShrink": 1,
                  "height": 40,
                  "opacity": 1,
                  "paddingBottom": 12,
                  "paddingLeft": 0,
                  "paddingRight": 16,
                  "paddingTop": 12,
                  "width": 40,
                }
              }
            />
          </View>
        </View>
        <View
          style={
            Object {
              "height": 10,
            }
          }
        />
        <View
          accessibilityRole="header"
          accessible={true}
          active={false}
          dividerBottom={false}
          dividerTop={false}
          style={
            Array [
              Object {
                "backgroundColor": "#FFFFFF29",
                "flexBasis": 0,
                "flexGrow": 1,
                "flexShrink": 1,
                "paddingBottom": 0,
                "paddingLeft": 0,
                "paddingRight": 0,
                "paddingTop": 0,
                "width": "100%",
              },
            ]
          }
        >
          <View
            style={
              Object {
                "left": 0,
                "position": "absolute",
              }
            }
          >
            <View
              accessible={true}
              focusable={true}
              isTVSelectable={true}
              onClick={[Function]}
              onResponderGrant={[Function]}
              onResponderMove={[Function]}
              onResponderRelease={[Function]}
              onResponderTerminate={[Function]}
              onResponderTerminationRequest={[Function]}
              onStartShouldSetResponder={[Function]}
              style={
                Object {
                  "alignSelf": "center",
                  "flexBasis": 0,
                  "flexGrow": 1,
                  "flexShrink": 1,
                  "height": 40,
                  "opacity": 1,
                  "paddingBottom": 12,
                  "paddingLeft": 16,
                  "paddingRight": 0,
                  "paddingTop": 12,
                  "width": 40,
                }
              }
            />
          </View>
          <View
            hideIconLeft={false}
            hideIconRight={false}
            style={
              Array [
                Object {
                  "alignItems": "center",
                  "bottom": 0,
                  "color": "#333333",
                  "justifyContent": "center",
                  "left": 48,
                  "right": 48,
                  "top": 0,
                },
              ]
            }
          >
            <View
              accessible={true}
              focusable={true}
              isTVSelectable={true}
              onClick={[Function]}
              onResponderGrant={[Function]}
              onResponderMove={[Function]}
              onResponderRelease={[Function]}
              onResponderTerminate={[Function]}
              onResponderTerminationRequest={[Function]}
              onStartShouldSetResponder={[Function]}
              style={
                Object {
                  "alignSelf": "stretch",
                  "flexBasis": 0,
                  "flexGrow": 1,
                  "flexShrink": 1,
                  "justifyContent": "center",
                  "opacity": 1,
                }
              }
            >
              <Text
                accessibilityLabel="Title Text and SVG icon"
                style={
                  Array [
                    Object {
                      "color": "#333333",
                      "flexBasis": 0,
                      "flexGrow": 1,
                      "flexShrink": 1,
                      "fontSize": 16,
                      "justifyContent": "center",
                      "marginLeft": 0,
                      "paddingBottom": 12,
                      "paddingLeft": 16,
                      "paddingTop": 12,
                    },
                  ]
                }
              >
                Title Text and SVG icon
              </Text>
            </View>
          </View>
          <View
            style={
              Object {
                "position": "absolute",
                "right": 0,
              }
            }
          >
            <View
              accessible={true}
              focusable={true}
              isTVSelectable={true}
              onClick={[Function]}
              onResponderGrant={[Function]}
              onResponderMove={[Function]}
              onResponderRelease={[Function]}
              onResponderTerminate={[Function]}
              onResponderTerminationRequest={[Function]}
              onStartShouldSetResponder={[Function]}
              style={
                Object {
                  "alignSelf": "center",
                  "flexBasis": 0,
                  "flexGrow": 1,
                  "flexShrink": 1,
                  "height": 40,
                  "opacity": 1,
                  "paddingBottom": 12,
                  "paddingLeft": 0,
                  "paddingRight": 16,
                  "paddingTop": 12,
                  "width": 40,
                }
              }
            />
          </View>
        </View>
        <View
          style={
            Object {
              "height": 10,
            }
          }
        />
        <View
          accessibilityRole="header"
          accessible={true}
          active={false}
          dividerBottom={false}
          dividerTop={true}
          style={
            Array [
              Object {
                "backgroundColor": "#FFFFFF29",
                "borderTopColor": "#EEEEEE",
                "borderTopWidth": 1,
                "flexBasis": 0,
                "flexGrow": 1,
                "flexShrink": 1,
                "paddingBottom": 0,
                "paddingLeft": 0,
                "paddingRight": 0,
                "paddingTop": 0,
                "width": "100%",
              },
            ]
          }
        >
          <View
            hideIconLeft={true}
            hideIconRight={false}
            style={
              Array [
                Object {
                  "alignItems": "center",
                  "bottom": 0,
                  "color": "#333333",
                  "justifyContent": "center",
                  "left": 0,
                  "right": 48,
                  "top": 0,
                },
              ]
            }
          >
            <View
              accessible={true}
              focusable={true}
              isTVSelectable={true}
              onClick={[Function]}
              onResponderGrant={[Function]}
              onResponderMove={[Function]}
              onResponderRelease={[Function]}
              onResponderTerminate={[Function]}
              onResponderTerminationRequest={[Function]}
              onStartShouldSetResponder={[Function]}
              style={
                Object {
                  "alignSelf": "stretch",
                  "flexBasis": 0,
                  "flexGrow": 1,
                  "flexShrink": 1,
                  "justifyContent": "center",
                  "opacity": 1,
                }
              }
            >
              <Text
                accessibilityLabel="Title Text and URL icon"
                style={
                  Array [
                    Object {
                      "color": "#333333",
                      "flexBasis": 0,
                      "flexGrow": 1,
                      "flexShrink": 1,
                      "fontSize": 16,
                      "justifyContent": "center",
                      "marginLeft": 0,
                      "paddingBottom": 12,
                      "paddingLeft": 16,
                      "paddingTop": 12,
                    },
                  ]
                }
              >
                Title Text and URL icon
              </Text>
            </View>
          </View>
          <View
            style={
              Object {
                "position": "absolute",
                "right": 0,
              }
            }
          >
            <View
              accessible={true}
              focusable={true}
              isTVSelectable={true}
              onClick={[Function]}
              onResponderGrant={[Function]}
              onResponderMove={[Function]}
              onResponderRelease={[Function]}
              onResponderTerminate={[Function]}
              onResponderTerminationRequest={[Function]}
              onStartShouldSetResponder={[Function]}
              style={
                Object {
                  "alignSelf": "center",
                  "flexBasis": 0,
                  "flexGrow": 1,
                  "flexShrink": 1,
                  "height": 40,
                  "opacity": 1,
                  "paddingBottom": 12,
                  "paddingLeft": 0,
                  "paddingRight": 16,
                  "paddingTop": 12,
                  "width": 40,
                }
              }
            >
              <Image
                source={
                  Object {
                    "uri": "https://s3-sa-east-1.amazonaws.com/somos-natura-prd/files/menus/generic_menu/img_url_tmp_generic_menu_20170822160140.png",
                  }
                }
                style={
                  Object {
                    "height": 24,
                    "width": 24,
                  }
                }
              />
            </View>
          </View>
        </View>
        <View
          style={
            Object {
              "height": 10,
            }
          }
        />
        <View
          accessibilityRole="header"
          accessible={true}
          active={true}
          dividerBottom={false}
          dividerTop={false}
          style={
            Array [
              Object {
                "backgroundColor": "#FF6B0B29",
                "flexBasis": 0,
                "flexGrow": 1,
                "flexShrink": 1,
                "paddingBottom": 0,
                "paddingLeft": 0,
                "paddingRight": 0,
                "paddingTop": 0,
                "width": "100%",
              },
            ]
          }
        >
          <View
            style={
              Object {
                "left": 0,
                "position": "absolute",
              }
            }
          >
            <View
              accessible={true}
              focusable={true}
              isTVSelectable={true}
              onClick={[Function]}
              onResponderGrant={[Function]}
              onResponderMove={[Function]}
              onResponderRelease={[Function]}
              onResponderTerminate={[Function]}
              onResponderTerminationRequest={[Function]}
              onStartShouldSetResponder={[Function]}
              style={
                Object {
                  "alignSelf": "center",
                  "flexBasis": 0,
                  "flexGrow": 1,
                  "flexShrink": 1,
                  "height": 40,
                  "opacity": 1,
                  "paddingBottom": 12,
                  "paddingLeft": 16,
                  "paddingRight": 0,
                  "paddingTop": 12,
                  "width": 40,
                }
              }
            >
              <Image
                source={
                  Object {
                    "uri": "https://s3-sa-east-1.amazonaws.com/somos-natura-prd/files/menus/generic_menu/img_url_tmp_generic_menu_20170822160140.png",
                  }
                }
                style={
                  Object {
                    "height": 24,
                    "width": 24,
                  }
                }
              />
            </View>
          </View>
          <View
            hideIconLeft={false}
            hideIconRight={false}
            style={
              Array [
                Object {
                  "alignItems": "center",
                  "bottom": 0,
                  "color": "#333333",
                  "justifyContent": "center",
                  "left": 48,
                  "right": 48,
                  "top": 0,
                },
              ]
            }
          >
            <View
              accessible={true}
              focusable={true}
              isTVSelectable={true}
              onClick={[Function]}
              onResponderGrant={[Function]}
              onResponderMove={[Function]}
              onResponderRelease={[Function]}
              onResponderTerminate={[Function]}
              onResponderTerminationRequest={[Function]}
              onStartShouldSetResponder={[Function]}
              style={
                Object {
                  "alignSelf": "stretch",
                  "flexBasis": 0,
                  "flexGrow": 1,
                  "flexShrink": 1,
                  "justifyContent": "center",
                  "opacity": 1,
                }
              }
            >
              <Text
                accessibilityLabel="Title Text and URL icon"
                style={
                  Array [
                    Object {
                      "color": "#333333",
                      "flexBasis": 0,
                      "flexGrow": 1,
                      "flexShrink": 1,
                      "fontSize": 16,
                      "justifyContent": "center",
                      "marginLeft": 0,
                      "paddingBottom": 12,
                      "paddingLeft": 16,
                      "paddingTop": 12,
                    },
                  ]
                }
              >
                Title Text and URL icon
              </Text>
            </View>
          </View>
          <View
            style={
              Object {
                "position": "absolute",
                "right": 0,
              }
            }
          >
            <View
              accessible={true}
              focusable={true}
              isTVSelectable={true}
              onClick={[Function]}
              onResponderGrant={[Function]}
              onResponderMove={[Function]}
              onResponderRelease={[Function]}
              onResponderTerminate={[Function]}
              onResponderTerminationRequest={[Function]}
              onStartShouldSetResponder={[Function]}
              style={
                Object {
                  "alignSelf": "center",
                  "flexBasis": 0,
                  "flexGrow": 1,
                  "flexShrink": 1,
                  "height": 40,
                  "opacity": 1,
                  "paddingBottom": 12,
                  "paddingLeft": 0,
                  "paddingRight": 16,
                  "paddingTop": 12,
                  "width": 40,
                }
              }
            />
          </View>
        </View>
        <View
          style={
            Object {
              "height": 10,
            }
          }
        />
        <View
          accessibilityRole="header"
          accessible={true}
          active={false}
          dividerBottom={false}
          dividerTop={false}
          style={
            Array [
              Object {
                "backgroundColor": "#FFFFFF29",
                "flexBasis": 0,
                "flexGrow": 1,
                "flexShrink": 1,
                "paddingBottom": 0,
                "paddingLeft": 0,
                "paddingRight": 0,
                "paddingTop": 0,
                "width": "100%",
              },
            ]
          }
        >
          <View
            hideIconLeft={true}
            hideIconRight={false}
            style={
              Array [
                Object {
                  "alignItems": "center",
                  "bottom": 0,
                  "color": "#333333",
                  "justifyContent": "center",
                  "left": 0,
                  "right": 48,
                  "top": 0,
                },
              ]
            }
          >
            <View
              accessible={true}
              focusable={true}
              isTVSelectable={true}
              onClick={[Function]}
              onResponderGrant={[Function]}
              onResponderMove={[Function]}
              onResponderRelease={[Function]}
              onResponderTerminate={[Function]}
              onResponderTerminationRequest={[Function]}
              onStartShouldSetResponder={[Function]}
              style={
                Object {
                  "alignSelf": "stretch",
                  "flexBasis": 0,
                  "flexGrow": 1,
                  "flexShrink": 1,
                  "justifyContent": "center",
                  "opacity": 1,
                }
              }
            >
              <Text
                accessibilityLabel="Title Text and URL icon"
                style={
                  Array [
                    Object {
                      "color": "#333333",
                      "flexBasis": 0,
                      "flexGrow": 1,
                      "flexShrink": 1,
                      "fontSize": 16,
                      "justifyContent": "center",
                      "marginLeft": 0,
                      "paddingBottom": 12,
                      "paddingLeft": 16,
                      "paddingTop": 12,
                    },
                  ]
                }
              >
                Title Text and URL icon
              </Text>
            </View>
          </View>
          <View
            style={
              Object {
                "position": "absolute",
                "right": 0,
              }
            }
          >
            <View
              accessible={true}
              focusable={true}
              isTVSelectable={true}
              onClick={[Function]}
              onResponderGrant={[Function]}
              onResponderMove={[Function]}
              onResponderRelease={[Function]}
              onResponderTerminate={[Function]}
              onResponderTerminationRequest={[Function]}
              onStartShouldSetResponder={[Function]}
              style={
                Object {
                  "alignSelf": "center",
                  "flexBasis": 0,
                  "flexGrow": 1,
                  "flexShrink": 1,
                  "height": 40,
                  "opacity": 1,
                  "paddingBottom": 12,
                  "paddingLeft": 0,
                  "paddingRight": 16,
                  "paddingTop": 12,
                  "width": 40,
                }
              }
            />
          </View>
        </View>
        <View
          style={
            Object {
              "height": 10,
            }
          }
        />
        <View
          accessibilityRole="header"
          accessible={true}
          active={false}
          dividerBottom={false}
          dividerTop={false}
          style={
            Array [
              Object {
                "backgroundColor": "#FFFFFF29",
                "flexBasis": 0,
                "flexGrow": 1,
                "flexShrink": 1,
                "paddingBottom": 0,
                "paddingLeft": 0,
                "paddingRight": 0,
                "paddingTop": 0,
                "width": "100%",
              },
            ]
          }
        >
          <View
            style={
              Object {
                "left": 0,
                "position": "absolute",
              }
            }
          >
            <View
              accessible={true}
              focusable={true}
              isTVSelectable={true}
              onClick={[Function]}
              onResponderGrant={[Function]}
              onResponderMove={[Function]}
              onResponderRelease={[Function]}
              onResponderTerminate={[Function]}
              onResponderTerminationRequest={[Function]}
              onStartShouldSetResponder={[Function]}
              style={
                Object {
                  "alignSelf": "center",
                  "flexBasis": 0,
                  "flexGrow": 1,
                  "flexShrink": 1,
                  "height": 40,
                  "opacity": 1,
                  "paddingBottom": 12,
                  "paddingLeft": 16,
                  "paddingRight": 0,
                  "paddingTop": 12,
                  "width": 40,
                }
              }
            />
          </View>
          <View
            hideIconLeft={false}
            hideIconRight={false}
            style={
              Array [
                Object {
                  "alignItems": "center",
                  "bottom": 0,
                  "color": "#333333",
                  "justifyContent": "center",
                  "left": 48,
                  "right": 48,
                  "top": 0,
                },
              ]
            }
          >
            <View
              accessible={true}
              focusable={true}
              isTVSelectable={true}
              onClick={[Function]}
              onResponderGrant={[Function]}
              onResponderMove={[Function]}
              onResponderRelease={[Function]}
              onResponderTerminate={[Function]}
              onResponderTerminationRequest={[Function]}
              onStartShouldSetResponder={[Function]}
              style={
                Object {
                  "alignSelf": "stretch",
                  "flexBasis": 0,
                  "flexGrow": 1,
                  "flexShrink": 1,
                  "justifyContent": "center",
                  "opacity": 1,
                }
              }
            >
              <Text
                accessibilityLabel="Title Text and Node icon"
                style={
                  Array [
                    Object {
                      "color": "#333333",
                      "flexBasis": 0,
                      "flexGrow": 1,
                      "flexShrink": 1,
                      "fontSize": 16,
                      "justifyContent": "center",
                      "marginLeft": 0,
                      "paddingBottom": 12,
                      "paddingLeft": 16,
                      "paddingTop": 12,
                    },
                  ]
                }
              >
                Title Text and Node icon
              </Text>
            </View>
          </View>
          <View
            style={
              Object {
                "position": "absolute",
                "right": 0,
              }
            }
          >
            <View
              accessible={true}
              focusable={true}
              isTVSelectable={true}
              onClick={[Function]}
              onResponderGrant={[Function]}
              onResponderMove={[Function]}
              onResponderRelease={[Function]}
              onResponderTerminate={[Function]}
              onResponderTerminationRequest={[Function]}
              onStartShouldSetResponder={[Function]}
              style={
                Object {
                  "alignSelf": "center",
                  "flexBasis": 0,
                  "flexGrow": 1,
                  "flexShrink": 1,
                  "height": 40,
                  "opacity": 1,
                  "paddingBottom": 12,
                  "paddingLeft": 0,
                  "paddingRight": 16,
                  "paddingTop": 12,
                  "width": 40,
                }
              }
            />
          </View>
        </View>
        <View
          style={
            Object {
              "height": 10,
            }
          }
        />
        <View
          accessibilityRole="header"
          accessible={true}
          active={false}
          dividerBottom={false}
          dividerTop={false}
          style={
            Array [
              Object {
                "backgroundColor": "#FFFFFF29",
                "flexBasis": 0,
                "flexGrow": 1,
                "flexShrink": 1,
                "paddingBottom": 0,
                "paddingLeft": 0,
                "paddingRight": 0,
                "paddingTop": 0,
                "width": "100%",
              },
            ]
          }
        >
          <View
            style={
              Object {
                "left": 0,
                "position": "absolute",
              }
            }
          >
            <View
              accessible={true}
              focusable={true}
              isTVSelectable={true}
              onClick={[Function]}
              onResponderGrant={[Function]}
              onResponderMove={[Function]}
              onResponderRelease={[Function]}
              onResponderTerminate={[Function]}
              onResponderTerminationRequest={[Function]}
              onStartShouldSetResponder={[Function]}
              style={
                Object {
                  "alignSelf": "center",
                  "flexBasis": 0,
                  "flexGrow": 1,
                  "flexShrink": 1,
                  "height": 40,
                  "opacity": 1,
                  "paddingBottom": 12,
                  "paddingLeft": 16,
                  "paddingRight": 0,
                  "paddingTop": 12,
                  "width": 40,
                }
              }
            />
          </View>
          <View
            hideIconLeft={false}
            hideIconRight={false}
            style={
              Array [
                Object {
                  "alignItems": "center",
                  "bottom": 0,
                  "color": "#333333",
                  "justifyContent": "center",
                  "left": 48,
                  "right": 48,
                  "top": 0,
                },
              ]
            }
          >
            <View
              accessible={true}
              focusable={true}
              isTVSelectable={true}
              onClick={[Function]}
              onResponderGrant={[Function]}
              onResponderMove={[Function]}
              onResponderRelease={[Function]}
              onResponderTerminate={[Function]}
              onResponderTerminationRequest={[Function]}
              onStartShouldSetResponder={[Function]}
              style={
                Object {
                  "alignSelf": "stretch",
                  "flexBasis": 0,
                  "flexGrow": 1,
                  "flexShrink": 1,
                  "justifyContent": "center",
                  "opacity": 1,
                }
              }
            >
              <Text
                accessibilityLabel="Title Text and Node icon"
                style={
                  Array [
                    Object {
                      "color": "#333333",
                      "flexBasis": 0,
                      "flexGrow": 1,
                      "flexShrink": 1,
                      "fontSize": 16,
                      "justifyContent": "center",
                      "marginLeft": 0,
                      "paddingBottom": 12,
                      "paddingLeft": 16,
                      "paddingTop": 12,
                    },
                  ]
                }
              >
                Title Text and Node icon
              </Text>
            </View>
          </View>
          <View
            style={
              Object {
                "position": "absolute",
                "right": 0,
              }
            }
          >
            <View
              accessible={true}
              focusable={true}
              isTVSelectable={true}
              onClick={[Function]}
              onResponderGrant={[Function]}
              onResponderMove={[Function]}
              onResponderRelease={[Function]}
              onResponderTerminate={[Function]}
              onResponderTerminationRequest={[Function]}
              onStartShouldSetResponder={[Function]}
              style={
                Object {
                  "alignSelf": "center",
                  "flexBasis": 0,
                  "flexGrow": 1,
                  "flexShrink": 1,
                  "height": 40,
                  "opacity": 1,
                  "paddingBottom": 12,
                  "paddingLeft": 0,
                  "paddingRight": 16,
                  "paddingTop": 12,
                  "width": 40,
                }
              }
            />
          </View>
        </View>
        <View
          style={
            Object {
              "height": 10,
            }
          }
        />
        <View
          accessibilityRole="header"
          accessible={true}
          active={false}
          dividerBottom={false}
          dividerTop={false}
          style={
            Array [
              Object {
                "backgroundColor": "#FFFFFF29",
                "flexBasis": 0,
                "flexGrow": 1,
                "flexShrink": 1,
                "paddingBottom": 0,
                "paddingLeft": 0,
                "paddingRight": 0,
                "paddingTop": 0,
                "width": "100%",
              },
            ]
          }
        >
          <View
            style={
              Object {
                "left": 0,
                "position": "absolute",
              }
            }
          >
            <View
              accessible={true}
              focusable={true}
              isTVSelectable={true}
              onClick={[Function]}
              onResponderGrant={[Function]}
              onResponderMove={[Function]}
              onResponderRelease={[Function]}
              onResponderTerminate={[Function]}
              onResponderTerminationRequest={[Function]}
              onStartShouldSetResponder={[Function]}
              style={
                Object {
                  "alignSelf": "center",
                  "flexBasis": 0,
                  "flexGrow": 1,
                  "flexShrink": 1,
                  "height": 40,
                  "opacity": 1,
                  "paddingBottom": 12,
                  "paddingLeft": 16,
                  "paddingRight": 0,
                  "paddingTop": 12,
                  "width": 40,
                }
              }
            />
          </View>
          <View
            hideIconLeft={false}
            hideIconRight={false}
            style={
              Array [
                Object {
                  "alignItems": "center",
                  "bottom": 0,
                  "color": "#333333",
                  "justifyContent": "center",
                  "left": 48,
                  "right": 48,
                  "top": 0,
                },
              ]
            }
          >
            <View
              accessible={true}
              focusable={true}
              isTVSelectable={true}
              onClick={[Function]}
              onResponderGrant={[Function]}
              onResponderMove={[Function]}
              onResponderRelease={[Function]}
              onResponderTerminate={[Function]}
              onResponderTerminationRequest={[Function]}
              onStartShouldSetResponder={[Function]}
              style={
                Object {
                  "alignSelf": "stretch",
                  "flexBasis": 0,
                  "flexGrow": 1,
                  "flexShrink": 1,
                  "justifyContent": "center",
                  "opacity": 1,
                }
              }
            >
              <Text
                accessibilityLabel="Title Text and Node icon"
                style={
                  Array [
                    Object {
                      "color": "#333333",
                      "flexBasis": 0,
                      "flexGrow": 1,
                      "flexShrink": 1,
                      "fontSize": 16,
                      "justifyContent": "center",
                      "marginLeft": 0,
                      "paddingBottom": 12,
                      "paddingLeft": 16,
                      "paddingTop": 12,
                    },
                  ]
                }
              >
                Title Text and Node icon
              </Text>
            </View>
          </View>
          <View
            style={
              Object {
                "position": "absolute",
                "right": 0,
              }
            }
          >
            <View
              accessible={true}
              focusable={true}
              isTVSelectable={true}
              onClick={[Function]}
              onResponderGrant={[Function]}
              onResponderMove={[Function]}
              onResponderRelease={[Function]}
              onResponderTerminate={[Function]}
              onResponderTerminationRequest={[Function]}
              onStartShouldSetResponder={[Function]}
              style={
                Object {
                  "alignSelf": "center",
                  "flexBasis": 0,
                  "flexGrow": 1,
                  "flexShrink": 1,
                  "height": 40,
                  "opacity": 1,
                  "paddingBottom": 12,
                  "paddingLeft": 0,
                  "paddingRight": 16,
                  "paddingTop": 12,
                  "width": 40,
                }
              }
            />
          </View>
        </View>
        <View
          style={
            Object {
              "height": 10,
            }
          }
        />
      </View>
    </RCTScrollView>
  </View>
</RCTSafeAreaView>
`;
