// Jest Snapshot v1, https://goo.gl/fbAQLP

exports[`Icon component should render Icon component with all possible icons: Icon component - name: filled-action-add 1`] = `
<Text
  style={
    Object {
      "fontFamily": "natds-icons",
      "fontSize": 48,
    }
  }
>
  
</Text>
`;

exports[`Icon component should render Icon component with all possible icons: Icon component - name: filled-action-cancel 1`] = `
<Text
  style={
    Object {
      "fontFamily": "natds-icons",
      "fontSize": 48,
    }
  }
>
  
</Text>
`;

exports[`Icon component should render Icon component with all possible icons: Icon component - name: filled-action-check 1`] = `
<Text
  style={
    Object {
      "fontFamily": "natds-icons",
      "fontSize": 48,
    }
  }
>
  
</Text>
`;

exports[`Icon component should render Icon component with all possible icons: Icon component - name: filled-action-rating 1`] = `
<Text
  style={
    Object {
      "fontFamily": "natds-icons",
      "fontSize": 48,
    }
  }
>
  
</Text>
`;

exports[`Icon component should render Icon component with all possible icons: Icon component - name: filled-action-subtract 1`] = `
<Text
  style={
    Object {
      "fontFamily": "natds-icons",
      "fontSize": 48,
    }
  }
>
  
</Text>
`;

exports[`Icon component should render Icon component with all possible icons: Icon component - name: filled-brand-naturarosacea 1`] = `
<Text
  style={
    Object {
      "fontFamily": "natds-icons",
      "fontSize": 48,
    }
  }
>
  
</Text>
`;

exports[`Icon component should render Icon component with all possible icons: Icon component - name: filled-media-pause 1`] = `
<Text
  style={
    Object {
      "fontFamily": "natds-icons",
      "fontSize": 48,
    }
  }
>
  
</Text>
`;

exports[`Icon component should render Icon component with all possible icons: Icon component - name: filled-media-play 1`] = `
<Text
  style={
    Object {
      "fontFamily": "natds-icons",
      "fontSize": 48,
    }
  }
>
  
</Text>
`;

exports[`Icon component should render Icon component with all possible icons: Icon component - name: filled-media-stop 1`] = `
<Text
  style={
    Object {
      "fontFamily": "natds-icons",
      "fontSize": 48,
    }
  }
>
  
</Text>
`;

exports[`Icon component should render Icon component with all possible icons: Icon component - name: filled-navigation-directionleft 1`] = `
<Text
  style={
    Object {
      "fontFamily": "natds-icons",
      "fontSize": 48,
    }
  }
>
  
</Text>
`;

exports[`Icon component should render Icon component with all possible icons: Icon component - name: filled-navigation-directionright 1`] = `
<Text
  style={
    Object {
      "fontFamily": "natds-icons",
      "fontSize": 48,
    }
  }
>
  
</Text>
`;

exports[`Icon component should render Icon component with all possible icons: Icon component - name: filled-navigation-directiontbottom 1`] = `
<Text
  style={
    Object {
      "fontFamily": "natds-icons",
      "fontSize": 48,
    }
  }
>
  
</Text>
`;

exports[`Icon component should render Icon component with all possible icons: Icon component - name: filled-navigation-directiontop 1`] = `
<Text
  style={
    Object {
      "fontFamily": "natds-icons",
      "fontSize": 48,
    }
  }
>
  
</Text>
`;

exports[`Icon component should render Icon component with all possible icons: Icon component - name: filled-navigation-menu 1`] = `
<Text
  style={
    Object {
      "fontFamily": "natds-icons",
      "fontSize": 48,
    }
  }
>
  
</Text>
`;

exports[`Icon component should render Icon component with all possible icons: Icon component - name: filled-navigation-more 1`] = `
<Text
  style={
    Object {
      "fontFamily": "natds-icons",
      "fontSize": 48,
    }
  }
>
  
</Text>
`;

exports[`Icon component should render Icon component with all possible icons: Icon component - name: outlined-action-add 1`] = `
<Text
  style={
    Object {
      "fontFamily": "natds-icons",
      "fontSize": 48,
    }
  }
>
  
</Text>
`;

exports[`Icon component should render Icon component with all possible icons: Icon component - name: outlined-action-attachment 1`] = `
<Text
  style={
    Object {
      "fontFamily": "natds-icons",
      "fontSize": 48,
    }
  }
>
  
</Text>
`;

exports[`Icon component should render Icon component with all possible icons: Icon component - name: outlined-action-autofilter 1`] = `
<Text
  style={
    Object {
      "fontFamily": "natds-icons",
      "fontSize": 48,
    }
  }
>
  
</Text>
`;

exports[`Icon component should render Icon component with all possible icons: Icon component - name: outlined-action-calendar 1`] = `
<Text
  style={
    Object {
      "fontFamily": "natds-icons",
      "fontSize": 48,
    }
  }
>
  
</Text>
`;

exports[`Icon component should render Icon component with all possible icons: Icon component - name: outlined-action-cancel 1`] = `
<Text
  style={
    Object {
      "fontFamily": "natds-icons",
      "fontSize": 48,
    }
  }
>
  
</Text>
`;

exports[`Icon component should render Icon component with all possible icons: Icon component - name: outlined-action-change 1`] = `
<Text
  style={
    Object {
      "fontFamily": "natds-icons",
      "fontSize": 48,
    }
  }
>
  
</Text>
`;

exports[`Icon component should render Icon component with all possible icons: Icon component - name: outlined-action-check 1`] = `
<Text
  style={
    Object {
      "fontFamily": "natds-icons",
      "fontSize": 48,
    }
  }
>
  
</Text>
`;

exports[`Icon component should render Icon component with all possible icons: Icon component - name: outlined-action-closedbox 1`] = `
<Text
  style={
    Object {
      "fontFamily": "natds-icons",
      "fontSize": 48,
    }
  }
>
  
</Text>
`;

exports[`Icon component should render Icon component with all possible icons: Icon component - name: outlined-action-copy 1`] = `
<Text
  style={
    Object {
      "fontFamily": "natds-icons",
      "fontSize": 48,
    }
  }
>
  
</Text>
`;

exports[`Icon component should render Icon component with all possible icons: Icon component - name: outlined-action-cycle 1`] = `
<Text
  style={
    Object {
      "fontFamily": "natds-icons",
      "fontSize": 48,
    }
  }
>
  
</Text>
`;

exports[`Icon component should render Icon component with all possible icons: Icon component - name: outlined-action-delete 1`] = `
<Text
  style={
    Object {
      "fontFamily": "natds-icons",
      "fontSize": 48,
    }
  }
>
  
</Text>
`;

exports[`Icon component should render Icon component with all possible icons: Icon component - name: outlined-action-done 1`] = `
<Text
  style={
    Object {
      "fontFamily": "natds-icons",
      "fontSize": 48,
    }
  }
>
  
</Text>
`;

exports[`Icon component should render Icon component with all possible icons: Icon component - name: outlined-action-download 1`] = `
<Text
  style={
    Object {
      "fontFamily": "natds-icons",
      "fontSize": 48,
    }
  }
>
  
</Text>
`;

exports[`Icon component should render Icon component with all possible icons: Icon component - name: outlined-action-edit 1`] = `
<Text
  style={
    Object {
      "fontFamily": "natds-icons",
      "fontSize": 48,
    }
  }
>
  
</Text>
`;

exports[`Icon component should render Icon component with all possible icons: Icon component - name: outlined-action-favorite 1`] = `
<Text
  style={
    Object {
      "fontFamily": "natds-icons",
      "fontSize": 48,
    }
  }
>
  
</Text>
`;

exports[`Icon component should render Icon component with all possible icons: Icon component - name: outlined-action-filter 1`] = `
<Text
  style={
    Object {
      "fontFamily": "natds-icons",
      "fontSize": 48,
    }
  }
>
  
</Text>
`;

exports[`Icon component should render Icon component with all possible icons: Icon component - name: outlined-action-gridsquare 1`] = `
<Text
  style={
    Object {
      "fontFamily": "natds-icons",
      "fontSize": 48,
    }
  }
>
  
</Text>
`;

exports[`Icon component should render Icon component with all possible icons: Icon component - name: outlined-action-help 1`] = `
<Text
  style={
    Object {
      "fontFamily": "natds-icons",
      "fontSize": 48,
    }
  }
>
  
</Text>
`;

exports[`Icon component should render Icon component with all possible icons: Icon component - name: outlined-action-history 1`] = `
<Text
  style={
    Object {
      "fontFamily": "natds-icons",
      "fontSize": 48,
    }
  }
>
  
</Text>
`;

exports[`Icon component should render Icon component with all possible icons: Icon component - name: outlined-action-like 1`] = `
<Text
  style={
    Object {
      "fontFamily": "natds-icons",
      "fontSize": 48,
    }
  }
>
  
</Text>
`;

exports[`Icon component should render Icon component with all possible icons: Icon component - name: outlined-action-list 1`] = `
<Text
  style={
    Object {
      "fontFamily": "natds-icons",
      "fontSize": 48,
    }
  }
>
  
</Text>
`;

exports[`Icon component should render Icon component with all possible icons: Icon component - name: outlined-action-love 1`] = `
<Text
  style={
    Object {
      "fontFamily": "natds-icons",
      "fontSize": 48,
    }
  }
>
  
</Text>
`;

exports[`Icon component should render Icon component with all possible icons: Icon component - name: outlined-action-mic 1`] = `
<Text
  style={
    Object {
      "fontFamily": "natds-icons",
      "fontSize": 48,
    }
  }
>
  
</Text>
`;

exports[`Icon component should render Icon component with all possible icons: Icon component - name: outlined-action-micrec 1`] = `
<Text
  style={
    Object {
      "fontFamily": "natds-icons",
      "fontSize": 48,
    }
  }
>
  
</Text>
`;

exports[`Icon component should render Icon component with all possible icons: Icon component - name: outlined-action-newregister 1`] = `
<Text
  style={
    Object {
      "fontFamily": "natds-icons",
      "fontSize": 48,
    }
  }
>
  
</Text>
`;

exports[`Icon component should render Icon component with all possible icons: Icon component - name: outlined-action-newrequest 1`] = `
<Text
  style={
    Object {
      "fontFamily": "natds-icons",
      "fontSize": 48,
    }
  }
>
  
</Text>
`;

exports[`Icon component should render Icon component with all possible icons: Icon component - name: outlined-action-order 1`] = `
<Text
  style={
    Object {
      "fontFamily": "natds-icons",
      "fontSize": 48,
    }
  }
>
  
</Text>
`;

exports[`Icon component should render Icon component with all possible icons: Icon component - name: outlined-action-phone 1`] = `
<Text
  style={
    Object {
      "fontFamily": "natds-icons",
      "fontSize": 48,
    }
  }
>
  
</Text>
`;

exports[`Icon component should render Icon component with all possible icons: Icon component - name: outlined-action-print 1`] = `
<Text
  style={
    Object {
      "fontFamily": "natds-icons",
      "fontSize": 48,
    }
  }
>
  
</Text>
`;

exports[`Icon component should render Icon component with all possible icons: Icon component - name: outlined-action-rating 1`] = `
<Text
  style={
    Object {
      "fontFamily": "natds-icons",
      "fontSize": 48,
    }
  }
>
  
</Text>
`;

exports[`Icon component should render Icon component with all possible icons: Icon component - name: outlined-action-recycle 1`] = `
<Text
  style={
    Object {
      "fontFamily": "natds-icons",
      "fontSize": 48,
    }
  }
>
  
</Text>
`;

exports[`Icon component should render Icon component with all possible icons: Icon component - name: outlined-action-request 1`] = `
<Text
  style={
    Object {
      "fontFamily": "natds-icons",
      "fontSize": 48,
    }
  }
>
  
</Text>
`;

exports[`Icon component should render Icon component with all possible icons: Icon component - name: outlined-action-save 1`] = `
<Text
  style={
    Object {
      "fontFamily": "natds-icons",
      "fontSize": 48,
    }
  }
>
  
</Text>
`;

exports[`Icon component should render Icon component with all possible icons: Icon component - name: outlined-action-schedule 1`] = `
<Text
  style={
    Object {
      "fontFamily": "natds-icons",
      "fontSize": 48,
    }
  }
>
  
</Text>
`;

exports[`Icon component should render Icon component with all possible icons: Icon component - name: outlined-action-search 1`] = `
<Text
  style={
    Object {
      "fontFamily": "natds-icons",
      "fontSize": 48,
    }
  }
>
  
</Text>
`;

exports[`Icon component should render Icon component with all possible icons: Icon component - name: outlined-action-selectedalllines 1`] = `
<Text
  style={
    Object {
      "fontFamily": "natds-icons",
      "fontSize": 48,
    }
  }
>
  
</Text>
`;

exports[`Icon component should render Icon component with all possible icons: Icon component - name: outlined-action-send 1`] = `
<Text
  style={
    Object {
      "fontFamily": "natds-icons",
      "fontSize": 48,
    }
  }
>
  
</Text>
`;

exports[`Icon component should render Icon component with all possible icons: Icon component - name: outlined-action-settings 1`] = `
<Text
  style={
    Object {
      "fontFamily": "natds-icons",
      "fontSize": 48,
    }
  }
>
  
</Text>
`;

exports[`Icon component should render Icon component with all possible icons: Icon component - name: outlined-action-share 1`] = `
<Text
  style={
    Object {
      "fontFamily": "natds-icons",
      "fontSize": 48,
    }
  }
>
  
</Text>
`;

exports[`Icon component should render Icon component with all possible icons: Icon component - name: outlined-action-subtract 1`] = `
<Text
  style={
    Object {
      "fontFamily": "natds-icons",
      "fontSize": 48,
    }
  }
>
  
</Text>
`;

exports[`Icon component should render Icon component with all possible icons: Icon component - name: outlined-action-update 1`] = `
<Text
  style={
    Object {
      "fontFamily": "natds-icons",
      "fontSize": 48,
    }
  }
>
  
</Text>
`;

exports[`Icon component should render Icon component with all possible icons: Icon component - name: outlined-action-upload 1`] = `
<Text
  style={
    Object {
      "fontFamily": "natds-icons",
      "fontSize": 48,
    }
  }
>
  
</Text>
`;

exports[`Icon component should render Icon component with all possible icons: Icon component - name: outlined-action-visibility 1`] = `
<Text
  style={
    Object {
      "fontFamily": "natds-icons",
      "fontSize": 48,
    }
  }
>
  
</Text>
`;

exports[`Icon component should render Icon component with all possible icons: Icon component - name: outlined-action-visibilityoff 1`] = `
<Text
  style={
    Object {
      "fontFamily": "natds-icons",
      "fontSize": 48,
    }
  }
>
  
</Text>
`;

exports[`Icon component should render Icon component with all possible icons: Icon component - name: outlined-alert-empty 1`] = `
<Text
  style={
    Object {
      "fontFamily": "natds-icons",
      "fontSize": 48,
    }
  }
>
  
</Text>
`;

exports[`Icon component should render Icon component with all possible icons: Icon component - name: outlined-alert-indeterminate 1`] = `
<Text
  style={
    Object {
      "fontFamily": "natds-icons",
      "fontSize": 48,
    }
  }
>
  
</Text>
`;

exports[`Icon component should render Icon component with all possible icons: Icon component - name: outlined-alert-info 1`] = `
<Text
  style={
    Object {
      "fontFamily": "natds-icons",
      "fontSize": 48,
    }
  }
>
  
</Text>
`;

exports[`Icon component should render Icon component with all possible icons: Icon component - name: outlined-communication-chat 1`] = `
<Text
  style={
    Object {
      "fontFamily": "natds-icons",
      "fontSize": 48,
    }
  }
>
  
</Text>
`;

exports[`Icon component should render Icon component with all possible icons: Icon component - name: outlined-communication-email 1`] = `
<Text
  style={
    Object {
      "fontFamily": "natds-icons",
      "fontSize": 48,
    }
  }
>
  
</Text>
`;

exports[`Icon component should render Icon component with all possible icons: Icon component - name: outlined-communication-help 1`] = `
<Text
  style={
    Object {
      "fontFamily": "natds-icons",
      "fontSize": 48,
    }
  }
>
  
</Text>
`;

exports[`Icon component should render Icon component with all possible icons: Icon component - name: outlined-communication-message 1`] = `
<Text
  style={
    Object {
      "fontFamily": "natds-icons",
      "fontSize": 48,
    }
  }
>
  
</Text>
`;

exports[`Icon component should render Icon component with all possible icons: Icon component - name: outlined-communication-occurrence 1`] = `
<Text
  style={
    Object {
      "fontFamily": "natds-icons",
      "fontSize": 48,
    }
  }
>
  
</Text>
`;

exports[`Icon component should render Icon component with all possible icons: Icon component - name: outlined-communication-readEmail 1`] = `
<Text
  style={
    Object {
      "fontFamily": "natds-icons",
      "fontSize": 48,
    }
  }
>
  
</Text>
`;

exports[`Icon component should render Icon component with all possible icons: Icon component - name: outlined-communication-signal 1`] = `
<Text
  style={
    Object {
      "fontFamily": "natds-icons",
      "fontSize": 48,
    }
  }
>
  
</Text>
`;

exports[`Icon component should render Icon component with all possible icons: Icon component - name: outlined-communication-speaker 1`] = `
<Text
  style={
    Object {
      "fontFamily": "natds-icons",
      "fontSize": 48,
    }
  }
>
  
</Text>
`;

exports[`Icon component should render Icon component with all possible icons: Icon component - name: outlined-communication-treatment 1`] = `
<Text
  style={
    Object {
      "fontFamily": "natds-icons",
      "fontSize": 48,
    }
  }
>
  
</Text>
`;

exports[`Icon component should render Icon component with all possible icons: Icon component - name: outlined-content-adddocument 1`] = `
<Text
  style={
    Object {
      "fontFamily": "natds-icons",
      "fontSize": 48,
    }
  }
>
  
</Text>
`;

exports[`Icon component should render Icon component with all possible icons: Icon component - name: outlined-content-agility 1`] = `
<Text
  style={
    Object {
      "fontFamily": "natds-icons",
      "fontSize": 48,
    }
  }
>
  
</Text>
`;

exports[`Icon component should render Icon component with all possible icons: Icon component - name: outlined-content-bellringing 1`] = `
<Text
  style={
    Object {
      "fontFamily": "natds-icons",
      "fontSize": 48,
    }
  }
>
  
</Text>
`;

exports[`Icon component should render Icon component with all possible icons: Icon component - name: outlined-content-book 1`] = `
<Text
  style={
    Object {
      "fontFamily": "natds-icons",
      "fontSize": 48,
    }
  }
>
  
</Text>
`;

exports[`Icon component should render Icon component with all possible icons: Icon component - name: outlined-content-brightness 1`] = `
<Text
  style={
    Object {
      "fontFamily": "natds-icons",
      "fontSize": 48,
    }
  }
>
  
</Text>
`;

exports[`Icon component should render Icon component with all possible icons: Icon component - name: outlined-content-changeview 1`] = `
<Text
  style={
    Object {
      "fontFamily": "natds-icons",
      "fontSize": 48,
    }
  }
>
  
</Text>
`;

exports[`Icon component should render Icon component with all possible icons: Icon component - name: outlined-content-channel 1`] = `
<Text
  style={
    Object {
      "fontFamily": "natds-icons",
      "fontSize": 48,
    }
  }
>
  
</Text>
`;

exports[`Icon component should render Icon component with all possible icons: Icon component - name: outlined-content-christmascard 1`] = `
<Text
  style={
    Object {
      "fontFamily": "natds-icons",
      "fontSize": 48,
    }
  }
>
  
</Text>
`;

exports[`Icon component should render Icon component with all possible icons: Icon component - name: outlined-content-consistency 1`] = `
<Text
  style={
    Object {
      "fontFamily": "natds-icons",
      "fontSize": 48,
    }
  }
>
  
</Text>
`;

exports[`Icon component should render Icon component with all possible icons: Icon component - name: outlined-content-divulgation 1`] = `
<Text
  style={
    Object {
      "fontFamily": "natds-icons",
      "fontSize": 48,
    }
  }
>
  
</Text>
`;

exports[`Icon component should render Icon component with all possible icons: Icon component - name: outlined-content-education 1`] = `
<Text
  style={
    Object {
      "fontFamily": "natds-icons",
      "fontSize": 48,
    }
  }
>
  
</Text>
`;

exports[`Icon component should render Icon component with all possible icons: Icon component - name: outlined-content-exchangereports 1`] = `
<Text
  style={
    Object {
      "fontFamily": "natds-icons",
      "fontSize": 48,
    }
  }
>
  
</Text>
`;

exports[`Icon component should render Icon component with all possible icons: Icon component - name: outlined-content-gallery 1`] = `
<Text
  style={
    Object {
      "fontFamily": "natds-icons",
      "fontSize": 48,
    }
  }
>
  
</Text>
`;

exports[`Icon component should render Icon component with all possible icons: Icon component - name: outlined-content-gift 1`] = `
<Text
  style={
    Object {
      "fontFamily": "natds-icons",
      "fontSize": 48,
    }
  }
>
  
</Text>
`;

exports[`Icon component should render Icon component with all possible icons: Icon component - name: outlined-content-global 1`] = `
<Text
  style={
    Object {
      "fontFamily": "natds-icons",
      "fontSize": 48,
    }
  }
>
  
</Text>
`;

exports[`Icon component should render Icon component with all possible icons: Icon component - name: outlined-content-health 1`] = `
<Text
  style={
    Object {
      "fontFamily": "natds-icons",
      "fontSize": 48,
    }
  }
>
  
</Text>
`;

exports[`Icon component should render Icon component with all possible icons: Icon component - name: outlined-content-healthy 1`] = `
<Text
  style={
    Object {
      "fontFamily": "natds-icons",
      "fontSize": 48,
    }
  }
>
  
</Text>
`;

exports[`Icon component should render Icon component with all possible icons: Icon component - name: outlined-content-indicator 1`] = `
<Text
  style={
    Object {
      "fontFamily": "natds-icons",
      "fontSize": 48,
    }
  }
>
  
</Text>
`;

exports[`Icon component should render Icon component with all possible icons: Icon component - name: outlined-content-lock 1`] = `
<Text
  style={
    Object {
      "fontFamily": "natds-icons",
      "fontSize": 48,
    }
  }
>
  
</Text>
`;

exports[`Icon component should render Icon component with all possible icons: Icon component - name: outlined-content-magic 1`] = `
<Text
  style={
    Object {
      "fontFamily": "natds-icons",
      "fontSize": 48,
    }
  }
>
  
</Text>
`;

exports[`Icon component should render Icon component with all possible icons: Icon component - name: outlined-content-medal 1`] = `
<Text
  style={
    Object {
      "fontFamily": "natds-icons",
      "fontSize": 48,
    }
  }
>
  
</Text>
`;

exports[`Icon component should render Icon component with all possible icons: Icon component - name: outlined-content-menu 1`] = `
<Text
  style={
    Object {
      "fontFamily": "natds-icons",
      "fontSize": 48,
    }
  }
>
  
</Text>
`;

exports[`Icon component should render Icon component with all possible icons: Icon component - name: outlined-content-mirror 1`] = `
<Text
  style={
    Object {
      "fontFamily": "natds-icons",
      "fontSize": 48,
    }
  }
>
  
</Text>
`;

exports[`Icon component should render Icon component with all possible icons: Icon component - name: outlined-content-planb 1`] = `
<Text
  style={
    Object {
      "fontFamily": "natds-icons",
      "fontSize": 48,
    }
  }
>
  
</Text>
`;

exports[`Icon component should render Icon component with all possible icons: Icon component - name: outlined-content-produtivity 1`] = `
<Text
  style={
    Object {
      "fontFamily": "natds-icons",
      "fontSize": 48,
    }
  }
>
  
</Text>
`;

exports[`Icon component should render Icon component with all possible icons: Icon component - name: outlined-content-report 1`] = `
<Text
  style={
    Object {
      "fontFamily": "natds-icons",
      "fontSize": 48,
    }
  }
>
  
</Text>
`;

exports[`Icon component should render Icon component with all possible icons: Icon component - name: outlined-content-store 1`] = `
<Text
  style={
    Object {
      "fontFamily": "natds-icons",
      "fontSize": 48,
    }
  }
>
  
</Text>
`;

exports[`Icon component should render Icon component with all possible icons: Icon component - name: outlined-content-wellness 1`] = `
<Text
  style={
    Object {
      "fontFamily": "natds-icons",
      "fontSize": 48,
    }
  }
>
  
</Text>
`;

exports[`Icon component should render Icon component with all possible icons: Icon component - name: outlined-content-wifi 1`] = `
<Text
  style={
    Object {
      "fontFamily": "natds-icons",
      "fontSize": 48,
    }
  }
>
  
</Text>
`;

exports[`Icon component should render Icon component with all possible icons: Icon component - name: outlined-finance-bag 1`] = `
<Text
  style={
    Object {
      "fontFamily": "natds-icons",
      "fontSize": 48,
    }
  }
>
  
</Text>
`;

exports[`Icon component should render Icon component with all possible icons: Icon component - name: outlined-finance-bank 1`] = `
<Text
  style={
    Object {
      "fontFamily": "natds-icons",
      "fontSize": 48,
    }
  }
>
  
</Text>
`;

exports[`Icon component should render Icon component with all possible icons: Icon component - name: outlined-finance-cards 1`] = `
<Text
  style={
    Object {
      "fontFamily": "natds-icons",
      "fontSize": 48,
    }
  }
>
  
</Text>
`;

exports[`Icon component should render Icon component with all possible icons: Icon component - name: outlined-finance-charging 1`] = `
<Text
  style={
    Object {
      "fontFamily": "natds-icons",
      "fontSize": 48,
    }
  }
>
  
</Text>
`;

exports[`Icon component should render Icon component with all possible icons: Icon component - name: outlined-finance-creditcard 1`] = `
<Text
  style={
    Object {
      "fontFamily": "natds-icons",
      "fontSize": 48,
    }
  }
>
  
</Text>
`;

exports[`Icon component should render Icon component with all possible icons: Icon component - name: outlined-finance-debit 1`] = `
<Text
  style={
    Object {
      "fontFamily": "natds-icons",
      "fontSize": 48,
    }
  }
>
  
</Text>
`;

exports[`Icon component should render Icon component with all possible icons: Icon component - name: outlined-finance-discount 1`] = `
<Text
  style={
    Object {
      "fontFamily": "natds-icons",
      "fontSize": 48,
    }
  }
>
  
</Text>
`;

exports[`Icon component should render Icon component with all possible icons: Icon component - name: outlined-finance-littlemachine 1`] = `
<Text
  style={
    Object {
      "fontFamily": "natds-icons",
      "fontSize": 48,
    }
  }
>
  
</Text>
`;

exports[`Icon component should render Icon component with all possible icons: Icon component - name: outlined-finance-money 1`] = `
<Text
  style={
    Object {
      "fontFamily": "natds-icons",
      "fontSize": 48,
    }
  }
>
  
</Text>
`;

exports[`Icon component should render Icon component with all possible icons: Icon component - name: outlined-finance-moneypaper 1`] = `
<Text
  style={
    Object {
      "fontFamily": "natds-icons",
      "fontSize": 48,
    }
  }
>
  
</Text>
`;

exports[`Icon component should render Icon component with all possible icons: Icon component - name: outlined-finance-promotion 1`] = `
<Text
  style={
    Object {
      "fontFamily": "natds-icons",
      "fontSize": 48,
    }
  }
>
  
</Text>
`;

exports[`Icon component should render Icon component with all possible icons: Icon component - name: outlined-finance-shoppingcart 1`] = `
<Text
  style={
    Object {
      "fontFamily": "natds-icons",
      "fontSize": 48,
    }
  }
>
  
</Text>
`;

exports[`Icon component should render Icon component with all possible icons: Icon component - name: outlined-finance-shoppingcartproduct 1`] = `
<Text
  style={
    Object {
      "fontFamily": "natds-icons",
      "fontSize": 48,
    }
  }
>
  
</Text>
`;

exports[`Icon component should render Icon component with all possible icons: Icon component - name: outlined-finance-tagdiscount 1`] = `
<Text
  style={
    Object {
      "fontFamily": "natds-icons",
      "fontSize": 48,
    }
  }
>
  
</Text>
`;

exports[`Icon component should render Icon component with all possible icons: Icon component - name: outlined-finance-transfermoney 1`] = `
<Text
  style={
    Object {
      "fontFamily": "natds-icons",
      "fontSize": 48,
    }
  }
>
  
</Text>
`;

exports[`Icon component should render Icon component with all possible icons: Icon component - name: outlined-media-app 1`] = `
<Text
  style={
    Object {
      "fontFamily": "natds-icons",
      "fontSize": 48,
    }
  }
>
  
</Text>
`;

exports[`Icon component should render Icon component with all possible icons: Icon component - name: outlined-media-camera 1`] = `
<Text
  style={
    Object {
      "fontFamily": "natds-icons",
      "fontSize": 48,
    }
  }
>
  
</Text>
`;

exports[`Icon component should render Icon component with all possible icons: Icon component - name: outlined-media-monitor 1`] = `
<Text
  style={
    Object {
      "fontFamily": "natds-icons",
      "fontSize": 48,
    }
  }
>
  
</Text>
`;

exports[`Icon component should render Icon component with all possible icons: Icon component - name: outlined-media-play 1`] = `
<Text
  style={
    Object {
      "fontFamily": "natds-icons",
      "fontSize": 48,
    }
  }
>
  
</Text>
`;

exports[`Icon component should render Icon component with all possible icons: Icon component - name: outlined-navigation-arrowbottom 1`] = `
<Text
  style={
    Object {
      "fontFamily": "natds-icons",
      "fontSize": 48,
    }
  }
>
  
</Text>
`;

exports[`Icon component should render Icon component with all possible icons: Icon component - name: outlined-navigation-arrowleft 1`] = `
<Text
  style={
    Object {
      "fontFamily": "natds-icons",
      "fontSize": 48,
    }
  }
>
  
</Text>
`;

exports[`Icon component should render Icon component with all possible icons: Icon component - name: outlined-navigation-arrowright 1`] = `
<Text
  style={
    Object {
      "fontFamily": "natds-icons",
      "fontSize": 48,
    }
  }
>
  
</Text>
`;

exports[`Icon component should render Icon component with all possible icons: Icon component - name: outlined-navigation-arrowtop 1`] = `
<Text
  style={
    Object {
      "fontFamily": "natds-icons",
      "fontSize": 48,
    }
  }
>
  
</Text>
`;

exports[`Icon component should render Icon component with all possible icons: Icon component - name: outlined-navigation-close 1`] = `
<Text
  style={
    Object {
      "fontFamily": "natds-icons",
      "fontSize": 48,
    }
  }
>
  
</Text>
`;

exports[`Icon component should render Icon component with all possible icons: Icon component - name: outlined-navigation-directionbottom 1`] = `
<Text
  style={
    Object {
      "fontFamily": "natds-icons",
      "fontSize": 48,
    }
  }
>
  
</Text>
`;

exports[`Icon component should render Icon component with all possible icons: Icon component - name: outlined-navigation-directionleft 1`] = `
<Text
  style={
    Object {
      "fontFamily": "natds-icons",
      "fontSize": 48,
    }
  }
>
  
</Text>
`;

exports[`Icon component should render Icon component with all possible icons: Icon component - name: outlined-navigation-directionright 1`] = `
<Text
  style={
    Object {
      "fontFamily": "natds-icons",
      "fontSize": 48,
    }
  }
>
  
</Text>
`;

exports[`Icon component should render Icon component with all possible icons: Icon component - name: outlined-navigation-directiontop 1`] = `
<Text
  style={
    Object {
      "fontFamily": "natds-icons",
      "fontSize": 48,
    }
  }
>
  
</Text>
`;

exports[`Icon component should render Icon component with all possible icons: Icon component - name: outlined-navigation-exit 1`] = `
<Text
  style={
    Object {
      "fontFamily": "natds-icons",
      "fontSize": 48,
    }
  }
>
  
</Text>
`;

exports[`Icon component should render Icon component with all possible icons: Icon component - name: outlined-navigation-goback 1`] = `
<Text
  style={
    Object {
      "fontFamily": "natds-icons",
      "fontSize": 48,
    }
  }
>
  
</Text>
`;

exports[`Icon component should render Icon component with all possible icons: Icon component - name: outlined-navigation-gofront 1`] = `
<Text
  style={
    Object {
      "fontFamily": "natds-icons",
      "fontSize": 48,
    }
  }
>
  
</Text>
`;

exports[`Icon component should render Icon component with all possible icons: Icon component - name: outlined-navigation-home 1`] = `
<Text
  style={
    Object {
      "fontFamily": "natds-icons",
      "fontSize": 48,
    }
  }
>
  
</Text>
`;

exports[`Icon component should render Icon component with all possible icons: Icon component - name: outlined-navigation-menu 1`] = `
<Text
  style={
    Object {
      "fontFamily": "natds-icons",
      "fontSize": 48,
    }
  }
>
  
</Text>
`;

exports[`Icon component should render Icon component with all possible icons: Icon component - name: outlined-place-bus 1`] = `
<Text
  style={
    Object {
      "fontFamily": "natds-icons",
      "fontSize": 48,
    }
  }
>
  
</Text>
`;

exports[`Icon component should render Icon component with all possible icons: Icon component - name: outlined-place-forklift 1`] = `
<Text
  style={
    Object {
      "fontFamily": "natds-icons",
      "fontSize": 48,
    }
  }
>
  
</Text>
`;

exports[`Icon component should render Icon component with all possible icons: Icon component - name: outlined-place-local 1`] = `
<Text
  style={
    Object {
      "fontFamily": "natds-icons",
      "fontSize": 48,
    }
  }
>
  
</Text>
`;

exports[`Icon component should render Icon component with all possible icons: Icon component - name: outlined-place-truck 1`] = `
<Text
  style={
    Object {
      "fontFamily": "natds-icons",
      "fontSize": 48,
    }
  }
>
  
</Text>
`;

exports[`Icon component should render Icon component with all possible icons: Icon component - name: outlined-place-waze 1`] = `
<Text
  style={
    Object {
      "fontFamily": "natds-icons",
      "fontSize": 48,
    }
  }
>
  
</Text>
`;

exports[`Icon component should render Icon component with all possible icons: Icon component - name: outlined-product-bagproduct 1`] = `
<Text
  style={
    Object {
      "fontFamily": "natds-icons",
      "fontSize": 48,
    }
  }
>
  
</Text>
`;

exports[`Icon component should render Icon component with all possible icons: Icon component - name: outlined-product-beard 1`] = `
<Text
  style={
    Object {
      "fontFamily": "natds-icons",
      "fontSize": 48,
    }
  }
>
  
</Text>
`;

exports[`Icon component should render Icon component with all possible icons: Icon component - name: outlined-product-brandsproduct 1`] = `
<Text
  style={
    Object {
      "fontFamily": "natds-icons",
      "fontSize": 48,
    }
  }
>
  
</Text>
`;

exports[`Icon component should render Icon component with all possible icons: Icon component - name: outlined-product-childish 1`] = `
<Text
  style={
    Object {
      "fontFamily": "natds-icons",
      "fontSize": 48,
    }
  }
>
  
</Text>
`;

exports[`Icon component should render Icon component with all possible icons: Icon component - name: outlined-product-dailycare 1`] = `
<Text
  style={
    Object {
      "fontFamily": "natds-icons",
      "fontSize": 48,
    }
  }
>
  
</Text>
`;

exports[`Icon component should render Icon component with all possible icons: Icon component - name: outlined-product-hair 1`] = `
<Text
  style={
    Object {
      "fontFamily": "natds-icons",
      "fontSize": 48,
    }
  }
>
  
</Text>
`;

exports[`Icon component should render Icon component with all possible icons: Icon component - name: outlined-product-makeup 1`] = `
<Text
  style={
    Object {
      "fontFamily": "natds-icons",
      "fontSize": 48,
    }
  }
>
  
</Text>
`;

exports[`Icon component should render Icon component with all possible icons: Icon component - name: outlined-product-outlet 1`] = `
<Text
  style={
    Object {
      "fontFamily": "natds-icons",
      "fontSize": 48,
    }
  }
>
  
</Text>
`;

exports[`Icon component should render Icon component with all possible icons: Icon component - name: outlined-product-perfumery 1`] = `
<Text
  style={
    Object {
      "fontFamily": "natds-icons",
      "fontSize": 48,
    }
  }
>
  
</Text>
`;

exports[`Icon component should render Icon component with all possible icons: Icon component - name: outlined-product-promotionproduct 1`] = `
<Text
  style={
    Object {
      "fontFamily": "natds-icons",
      "fontSize": 48,
    }
  }
>
  
</Text>
`;

exports[`Icon component should render Icon component with all possible icons: Icon component - name: outlined-product-vegan 1`] = `
<Text
  style={
    Object {
      "fontFamily": "natds-icons",
      "fontSize": 48,
    }
  }
>
  
</Text>
`;

exports[`Icon component should render Icon component with all possible icons: Icon component - name: outlined-social-addcontact 1`] = `
<Text
  style={
    Object {
      "fontFamily": "natds-icons",
      "fontSize": 48,
    }
  }
>
  
</Text>
`;

exports[`Icon component should render Icon component with all possible icons: Icon component - name: outlined-social-birthday 1`] = `
<Text
  style={
    Object {
      "fontFamily": "natds-icons",
      "fontSize": 48,
    }
  }
>
  
</Text>
`;

exports[`Icon component should render Icon component with all possible icons: Icon component - name: outlined-social-collaborate 1`] = `
<Text
  style={
    Object {
      "fontFamily": "natds-icons",
      "fontSize": 48,
    }
  }
>
  
</Text>
`;

exports[`Icon component should render Icon component with all possible icons: Icon component - name: outlined-social-contact 1`] = `
<Text
  style={
    Object {
      "fontFamily": "natds-icons",
      "fontSize": 48,
    }
  }
>
  
</Text>
`;

exports[`Icon component should render Icon component with all possible icons: Icon component - name: outlined-social-digitalconsultant 1`] = `
<Text
  style={
    Object {
      "fontFamily": "natds-icons",
      "fontSize": 48,
    }
  }
>
  
</Text>
`;

exports[`Icon component should render Icon component with all possible icons: Icon component - name: outlined-social-groupofpeople 1`] = `
<Text
  style={
    Object {
      "fontFamily": "natds-icons",
      "fontSize": 48,
    }
  }
>
  
</Text>
`;

exports[`Icon component should render Icon component with all possible icons: Icon component - name: outlined-social-myprofile 1`] = `
<Text
  style={
    Object {
      "fontFamily": "natds-icons",
      "fontSize": 48,
    }
  }
>
  
</Text>
`;

exports[`Icon component should render Icon component with all possible icons: Icon component - name: outlined-social-network 1`] = `
<Text
  style={
    Object {
      "fontFamily": "natds-icons",
      "fontSize": 48,
    }
  }
>
  
</Text>
`;

exports[`Icon component should render Icon component with all possible icons: Icon component - name: outlined-social-person 1`] = `
<Text
  style={
    Object {
      "fontFamily": "natds-icons",
      "fontSize": 48,
    }
  }
>
  
</Text>
`;

exports[`Icon component should render Icon component with all possible sizes: Icon component - key: huge | size: 96 1`] = `
<Text
  style={
    Object {
      "fontFamily": "natds-icons",
      "fontSize": 48,
    }
  }
>
  %uEA06
</Text>
`;

exports[`Icon component should render Icon component with all possible sizes: Icon component - key: hugex | size: 128 1`] = `
<Text
  style={
    Object {
      "fontFamily": "natds-icons",
      "fontSize": 48,
    }
  }
>
  %uEA06
</Text>
`;

exports[`Icon component should render Icon component with all possible sizes: Icon component - key: hugexx | size: 144 1`] = `
<Text
  style={
    Object {
      "fontFamily": "natds-icons",
      "fontSize": 48,
    }
  }
>
  %uEA06
</Text>
`;

exports[`Icon component should render Icon component with all possible sizes: Icon component - key: hugexxx | size: 192 1`] = `
<Text
  style={
    Object {
      "fontFamily": "natds-icons",
      "fontSize": 48,
    }
  }
>
  %uEA06
</Text>
`;

exports[`Icon component should render Icon component with all possible sizes: Icon component - key: large | size: 64 1`] = `
<Text
  style={
    Object {
      "fontFamily": "natds-icons",
      "fontSize": 48,
    }
  }
>
  %uEA06
</Text>
`;

exports[`Icon component should render Icon component with all possible sizes: Icon component - key: largex | size: 72 1`] = `
<Text
  style={
    Object {
      "fontFamily": "natds-icons",
      "fontSize": 48,
    }
  }
>
  %uEA06
</Text>
`;

exports[`Icon component should render Icon component with all possible sizes: Icon component - key: largexx | size: 80 1`] = `
<Text
  style={
    Object {
      "fontFamily": "natds-icons",
      "fontSize": 48,
    }
  }
>
  %uEA06
</Text>
`;

exports[`Icon component should render Icon component with all possible sizes: Icon component - key: largexxx | size: 88 1`] = `
<Text
  style={
    Object {
      "fontFamily": "natds-icons",
      "fontSize": 48,
    }
  }
>
  %uEA06
</Text>
`;

exports[`Icon component should render Icon component with all possible sizes: Icon component - key: medium | size: 48 1`] = `
<Text
  style={
    Object {
      "fontFamily": "natds-icons",
      "fontSize": 48,
    }
  }
>
  %uEA06
</Text>
`;

exports[`Icon component should render Icon component with all possible sizes: Icon component - key: mediumx | size: 56 1`] = `
<Text
  style={
    Object {
      "fontFamily": "natds-icons",
      "fontSize": 48,
    }
  }
>
  %uEA06
</Text>
`;

exports[`Icon component should render Icon component with all possible sizes: Icon component - key: micro | size: 4 1`] = `
<Text
  style={
    Object {
      "fontFamily": "natds-icons",
      "fontSize": 48,
    }
  }
>
  %uEA06
</Text>
`;

exports[`Icon component should render Icon component with all possible sizes: Icon component - key: none | size: 0 1`] = `
<Text
  style={
    Object {
      "fontFamily": "natds-icons",
      "fontSize": 48,
    }
  }
>
  %uEA06
</Text>
`;

exports[`Icon component should render Icon component with all possible sizes: Icon component - key: semi | size: 32 1`] = `
<Text
  style={
    Object {
      "fontFamily": "natds-icons",
      "fontSize": 48,
    }
  }
>
  %uEA06
</Text>
`;

exports[`Icon component should render Icon component with all possible sizes: Icon component - key: semix | size: 40 1`] = `
<Text
  style={
    Object {
      "fontFamily": "natds-icons",
      "fontSize": 48,
    }
  }
>
  %uEA06
</Text>
`;

exports[`Icon component should render Icon component with all possible sizes: Icon component - key: small | size: 16 1`] = `
<Text
  style={
    Object {
      "fontFamily": "natds-icons",
      "fontSize": 48,
    }
  }
>
  %uEA06
</Text>
`;

exports[`Icon component should render Icon component with all possible sizes: Icon component - key: standard | size: 24 1`] = `
<Text
  style={
    Object {
      "fontFamily": "natds-icons",
      "fontSize": 48,
    }
  }
>
  %uEA06
</Text>
`;

exports[`Icon component should render Icon component with all possible sizes: Icon component - key: tiny | size: 8 1`] = `
<Text
  style={
    Object {
      "fontFamily": "natds-icons",
      "fontSize": 48,
    }
  }
>
  %uEA06
</Text>
`;

exports[`Icon component should render Icon component with all possible sizes: Icon component - key: veryhuge | size: 256 1`] = `
<Text
  style={
    Object {
      "fontFamily": "natds-icons",
      "fontSize": 48,
    }
  }
>
  %uEA06
</Text>
`;

exports[`Icon component should render filled-brand-naturarosacea icon when wrong name is given: Icon component - filled-brand-naturarosacea 1`] = `
<Text
  style={
    Object {
      "fontFamily": "natds-icons",
      "fontSize": 48,
    }
  }
>
  %uEA06
</Text>
`;
