// Jest Snapshot v1, https://goo.gl/fbAQLP

exports[`NatLogoHorizontal component default Should render NatLogoHorizontal component  1`] = `
<View
  style={
    Array [
      Object {
        "alignItems": "center",
        "flexBasis": 0,
        "flexGrow": 1,
        "flexShrink": 1,
        "justifyContent": "center",
      },
    ]
  }
>
  <Image
    source={
      Object {
        "testUri": "../../../lib/assets/images/logoHorizontal/logoHorizontal.png",
      }
    }
    style={
      Array [
        Object {
          "height": 32,
          "width": 132,
        },
      ]
    }
  />
</View>
`;
