// Jest Snapshot v1, https://goo.gl/fbAQLP

exports[`NatAppBar component Should render container component correctly: NatAppBar snapshot 1`] = `
<View
  style={
    Array [
      Object {
        "flexBasis": 0,
        "flexGrow": 1,
        "flexShrink": 1,
        "position": "relative",
      },
    ]
  }
>
  <View
    accessibilityRole="header"
    accessible={true}
    style={
      Array [
        Object {
          "alignItems": "stretch",
          "backgroundColor": "#FFFFFF",
          "bottom": 0,
          "flexBasis": 0,
          "flexDirection": "row",
          "flexGrow": 1,
          "flexShrink": 1,
          "height": 56,
          "position": "absolute",
          "width": "100%",
          "zIndex": 1,
        },
      ]
    }
  >
    <View
      style={Object {}}
    >
      <View
        accessible={true}
        focusable={true}
        isTVSelectable={true}
        onClick={[Function]}
        onResponderGrant={[Function]}
        onResponderMove={[Function]}
        onResponderRelease={[Function]}
        onResponderTerminate={[Function]}
        onResponderTerminationRequest={[Function]}
        onStartShouldSetResponder={[Function]}
        style={
          Object {
            "alignItems": "center",
            "alignSelf": "center",
            "flexBasis": 0,
            "flexGrow": 1,
            "flexShrink": 1,
            "height": 56,
            "justifyContent": "center",
            "opacity": 1,
            "paddingBottom": 16,
            "paddingLeft": 16,
            "paddingRight": 0,
            "paddingTop": 16,
            "width": 40,
          }
        }
      />
    </View>
    <View
      style={
        Object {
          "alignItems": "flex-start",
          "bottom": 0,
          "justifyContent": "flex-start",
          "left": 40,
          "position": "absolute",
          "right": 40,
          "top": 0,
        }
      }
    >
      <Text
        accessibilityLabel="Title test"
        alignTitle="flex-start"
        style={
          Array [
            Object {
              "alignItems": "center",
              "color": "#333333",
              "fontSize": 20,
              "marginLeft": 0,
              "paddingBottom": 16,
              "paddingLeft": 16,
              "paddingTop": 16,
              "textAlign": "center",
            },
          ]
        }
      >
        Title test
      </Text>
    </View>
    <View
      style={
        Object {
          "position": "absolute",
          "right": 0,
        }
      }
    >
      <View
        accessible={true}
        focusable={true}
        isTVSelectable={true}
        onClick={[Function]}
        onResponderGrant={[Function]}
        onResponderMove={[Function]}
        onResponderRelease={[Function]}
        onResponderTerminate={[Function]}
        onResponderTerminationRequest={[Function]}
        onStartShouldSetResponder={[Function]}
        style={
          Object {
            "alignItems": "center",
            "alignSelf": "center",
            "flexBasis": 0,
            "flexGrow": 1,
            "flexShrink": 1,
            "height": 56,
            "justifyContent": "center",
            "opacity": 1,
            "paddingBottom": 16,
            "paddingLeft": 0,
            "paddingRight": 16,
            "paddingTop": 16,
            "width": 40,
          }
        }
      />
    </View>
  </View>
</View>
`;
