// Jest Snapshot v1, https://goo.gl/fbAQLP

exports[`TextField component should match snapshot 1`] = `
<View
  collapsable={true}
  pointerEvents="box-none"
  style={
    Object {
      "flex": 1,
    }
  }
>
  <View
    style={
      Array [
        Object {
          "marginBottom": 5,
          "width": "100%",
        },
      ]
    }
    testID="textField"
  >
    <Text
      disabled={false}
      state="filled"
      style={
        Array [
          Object {
            "color": "#FAFAEA",
            "fontSize": 14,
            "marginBottom": 5,
          },
        ]
      }
    >
      <Text>
        Label
      </Text>
    </Text>
    <View
      disabled={false}
      numberOfLines={1}
      size="regular"
      state="filled"
      style={
        Array [
          Object {
            "borderColor": "#FAF3E3",
            "borderRadius": 4,
            "borderStyle": "solid",
            "borderWidth": 1,
            "flexDirection": "row",
            "height": 56,
            "justifyContent": "space-between",
            "paddingBottom": 0,
            "paddingLeft": 16,
            "paddingRight": 16,
            "paddingTop": 0,
          },
        ]
      }
      testID="textField-inputWrapper"
    >
      <TextInput
        allowFontScaling={true}
        disabled={false}
        editable={true}
        label="Label"
        multiline={false}
        numberOfLines={1}
        placeholder="Placeholder"
        placeholderTextColor="#FAFAEA"
        rejectResponderTermination={true}
        secureTextEntry={false}
        size="regular"
        style={
          Array [
            Object {
              "alignSelf": "center",
              "color": "#FAF3E3",
              "flexBasis": 0,
              "flexGrow": 1,
              "flexShrink": 1,
              "fontSize": 16,
              "height": 56,
              "textAlignVertical": "center",
            },
          ]
        }
        testID="textField-input"
        type="text"
        underlineColorAndroid="transparent"
        value="test"
      />
    </View>
    <Text
      disabled={false}
      state="filled"
      style={
        Array [
          Object {
            "color": "#FAFAEA",
            "fontSize": 12,
            "height": 20,
            "marginTop": 5,
          },
        ]
      }
    />
  </View>
</View>
`;
