// Jest Snapshot v1, https://goo.gl/fbAQLP

exports[`NatImage component default Should render NatImage component  1`] = `
<View
  style={
    Array [
      Object {
        "width": "",
      },
    ]
  }
  type="default"
>
  <Image
    source={
      Object {
        "uri": undefined,
      }
    }
    style={
      Array [
        Object {
          "borderRadius": 0,
          "height": "",
          "width": "",
        },
      ]
    }
    type="default"
  />
</View>
`;
