// Jest Snapshot v1, https://goo.gl/fbAQLP

exports[`NatImage component default Should render NatImage component : NatImage snapshot 1`] = `
<View
  onPress={[Function]}
  style={
    Array [
      Object {
        "width": "",
      },
    ]
  }
  type="default"
>
  <Image
    resizeMode="contain"
    source={
      Object {
        "uri": undefined,
      }
    }
    style={
      Array [
        Object {
          "borderRadius": 0,
          "height": "",
          "width": "",
        },
      ]
    }
    type="default"
  />
</View>
`;
