// Jest Snapshot v1, https://goo.gl/fbAQLP

exports[`NatImage component default Should render NatImage component  1`] = `
<View
  accessible={true}
  isTVSelectable={true}
  onResponderGrant={[Function]}
  onResponderMove={[Function]}
  onResponderRelease={[Function]}
  onResponderTerminate={[Function]}
  onResponderTerminationRequest={[Function]}
  onStartShouldSetResponder={[Function]}
  style={
    Object {
      "flexBasis": 0,
      "flexGrow": 1,
      "flexShrink": 1,
      "opacity": 1,
    }
  }
>
  <Image
    source={
      Object {
        "uri": undefined,
      }
    }
    style={
      Array [
        Object {
          "borderRadius": 0,
          "height": 48,
          "width": 48,
        },
      ]
    }
    type="default"
  />
</View>
`;
