// Jest Snapshot v1, https://goo.gl/fbAQLP

exports[`NatLogoVertical component default Should render NatLogoVertical component  1`] = `
<View
  style={
    Array [
      Object {
        "alignItems": "center",
        "flexBasis": 0,
        "flexGrow": 1,
        "flexShrink": 1,
        "justifyContent": "center",
      },
    ]
  }
>
  <Image
    source={
      Object {
        "testUri": "../../../lib/assets/images/logoVertical/logoVertical.png",
      }
    }
    style={
      Array [
        Object {
          "height": 105,
          "width": 140,
        },
      ]
    }
  />
</View>
`;
