// Jest Snapshot v1, https://goo.gl/fbAQLP

exports[`Header component Should render container component correctly 1`] = `
<RCTScrollView
  keyboardShouldPersistTaps="always"
>
  <View>
    <View
      accessibilityRole="header"
      accessible={true}
      active={false}
      dividerBottom={false}
      dividerTop={false}
      style={
        Array [
          Object {
            "backgroundColor": "#FFFFFF29",
            "flexBasis": 0,
            "flexGrow": 1,
            "flexShrink": 1,
            "paddingBottom": 0,
            "paddingLeft": 0,
            "paddingRight": 0,
            "paddingTop": 0,
            "width": "100%",
          },
        ]
      }
    >
      <View
        style={
          Object {
            "left": 0,
            "position": "absolute",
          }
        }
      >
        <View
          accessible={true}
          focusable={true}
          isTVSelectable={true}
          onClick={[Function]}
          onResponderGrant={[Function]}
          onResponderMove={[Function]}
          onResponderRelease={[Function]}
          onResponderTerminate={[Function]}
          onResponderTerminationRequest={[Function]}
          onStartShouldSetResponder={[Function]}
          style={
            Object {
              "alignSelf": "center",
              "flexBasis": 0,
              "flexGrow": 1,
              "flexShrink": 1,
              "height": 40,
              "opacity": 1,
              "paddingBottom": 12,
              "paddingLeft": 16,
              "paddingRight": 0,
              "paddingTop": 12,
              "width": 40,
            }
          }
        >
          <SvgMock
            height={24}
            style={
              Object {
                "fill": "#333333",
              }
            }
            width={24}
          />
        </View>
      </View>
      <View
        hideIconLeft={false}
        hideIconRight={false}
        style={
          Array [
            Object {
              "alignItems": "center",
              "bottom": 0,
              "color": "#333333",
              "justifyContent": "center",
              "left": 48,
              "right": 48,
              "top": 0,
            },
          ]
        }
      >
        <View
          accessible={true}
          focusable={true}
          isTVSelectable={true}
          onClick={[Function]}
          onResponderGrant={[Function]}
          onResponderMove={[Function]}
          onResponderRelease={[Function]}
          onResponderTerminate={[Function]}
          onResponderTerminationRequest={[Function]}
          onStartShouldSetResponder={[Function]}
          style={
            Object {
              "alignSelf": "stretch",
              "flexBasis": 0,
              "flexGrow": 1,
              "flexShrink": 1,
              "justifyContent": "center",
              "opacity": 1,
            }
          }
        >
          <Text
            accessibilityLabel="Title Text"
            style={
              Array [
                Object {
                  "color": "#333333",
                  "flexBasis": 0,
                  "flexGrow": 1,
                  "flexShrink": 1,
                  "fontSize": 16,
                  "justifyContent": "center",
                  "marginLeft": 0,
                  "paddingBottom": 12,
                  "paddingLeft": 16,
                  "paddingTop": 12,
                },
              ]
            }
          >
            Title Text
          </Text>
        </View>
      </View>
      <View
        style={
          Object {
            "position": "absolute",
            "right": 0,
          }
        }
      >
        <View
          accessible={true}
          focusable={true}
          isTVSelectable={true}
          onClick={[Function]}
          onResponderGrant={[Function]}
          onResponderMove={[Function]}
          onResponderRelease={[Function]}
          onResponderTerminate={[Function]}
          onResponderTerminationRequest={[Function]}
          onStartShouldSetResponder={[Function]}
          style={
            Object {
              "alignSelf": "center",
              "flexBasis": 0,
              "flexGrow": 1,
              "flexShrink": 1,
              "height": 40,
              "opacity": 1,
              "paddingBottom": 12,
              "paddingLeft": 0,
              "paddingRight": 16,
              "paddingTop": 12,
              "width": 40,
            }
          }
        >
          <SvgMock
            height={24}
            style={
              Object {
                "fill": "#333333",
              }
            }
            width={24}
          />
        </View>
      </View>
    </View>
    <View
      accessibilityRole="header"
      accessible={true}
      active={false}
      dividerBottom={true}
      dividerTop={false}
      style={
        Array [
          Object {
            "backgroundColor": "#FFFFFF29",
            "borderBottomColor": "#EEEEEE",
            "borderBottomWidth": 1,
            "flexBasis": 0,
            "flexGrow": 1,
            "flexShrink": 1,
            "paddingBottom": 0,
            "paddingLeft": 0,
            "paddingRight": 0,
            "paddingTop": 0,
            "width": "100%",
          },
        ]
      }
    >
      <View
        style={
          Object {
            "left": 0,
            "position": "absolute",
          }
        }
      >
        <View
          accessible={true}
          focusable={true}
          isTVSelectable={true}
          onClick={[Function]}
          onResponderGrant={[Function]}
          onResponderMove={[Function]}
          onResponderRelease={[Function]}
          onResponderTerminate={[Function]}
          onResponderTerminationRequest={[Function]}
          onStartShouldSetResponder={[Function]}
          style={
            Object {
              "alignSelf": "center",
              "flexBasis": 0,
              "flexGrow": 1,
              "flexShrink": 1,
              "height": 40,
              "opacity": 1,
              "paddingBottom": 12,
              "paddingLeft": 16,
              "paddingRight": 0,
              "paddingTop": 12,
              "width": 40,
            }
          }
        />
      </View>
      <View
        hideIconLeft={false}
        hideIconRight={false}
        style={
          Array [
            Object {
              "alignItems": "center",
              "bottom": 0,
              "color": "#333333",
              "justifyContent": "center",
              "left": 48,
              "right": 48,
              "top": 0,
            },
          ]
        }
      >
        <View
          accessible={true}
          focusable={true}
          isTVSelectable={true}
          onClick={[Function]}
          onResponderGrant={[Function]}
          onResponderMove={[Function]}
          onResponderRelease={[Function]}
          onResponderTerminate={[Function]}
          onResponderTerminationRequest={[Function]}
          onStartShouldSetResponder={[Function]}
          style={
            Object {
              "alignSelf": "stretch",
              "flexBasis": 0,
              "flexGrow": 1,
              "flexShrink": 1,
              "justifyContent": "center",
              "opacity": 1,
            }
          }
        >
          <Text
            accessibilityLabel="Title Text"
            style={
              Array [
                Object {
                  "color": "#333333",
                  "flexBasis": 0,
                  "flexGrow": 1,
                  "flexShrink": 1,
                  "fontSize": 16,
                  "justifyContent": "center",
                  "marginLeft": 0,
                  "paddingBottom": 12,
                  "paddingLeft": 16,
                  "paddingTop": 12,
                },
              ]
            }
          >
            Title Text
          </Text>
        </View>
      </View>
      <View
        style={
          Object {
            "position": "absolute",
            "right": 0,
          }
        }
      >
        <View
          accessible={true}
          focusable={true}
          isTVSelectable={true}
          onClick={[Function]}
          onResponderGrant={[Function]}
          onResponderMove={[Function]}
          onResponderRelease={[Function]}
          onResponderTerminate={[Function]}
          onResponderTerminationRequest={[Function]}
          onStartShouldSetResponder={[Function]}
          style={
            Object {
              "alignSelf": "center",
              "flexBasis": 0,
              "flexGrow": 1,
              "flexShrink": 1,
              "height": 40,
              "opacity": 1,
              "paddingBottom": 12,
              "paddingLeft": 0,
              "paddingRight": 16,
              "paddingTop": 12,
              "width": 40,
            }
          }
        >
          <SvgMock
            height={24}
            style={
              Object {
                "fill": "#333333",
              }
            }
            width={24}
          />
        </View>
      </View>
    </View>
    <View
      accessibilityRole="header"
      accessible={true}
      active={false}
      dividerBottom={false}
      dividerTop={false}
      style={
        Array [
          Object {
            "backgroundColor": "#FFFFFF29",
            "flexBasis": 0,
            "flexGrow": 1,
            "flexShrink": 1,
            "paddingBottom": 0,
            "paddingLeft": 0,
            "paddingRight": 0,
            "paddingTop": 0,
            "width": "100%",
          },
        ]
      }
    >
      <View
        style={
          Object {
            "left": 0,
            "position": "absolute",
          }
        }
      >
        <View
          accessible={true}
          focusable={true}
          isTVSelectable={true}
          onClick={[Function]}
          onResponderGrant={[Function]}
          onResponderMove={[Function]}
          onResponderRelease={[Function]}
          onResponderTerminate={[Function]}
          onResponderTerminationRequest={[Function]}
          onStartShouldSetResponder={[Function]}
          style={
            Object {
              "alignSelf": "center",
              "flexBasis": 0,
              "flexGrow": 1,
              "flexShrink": 1,
              "height": 40,
              "opacity": 1,
              "paddingBottom": 12,
              "paddingLeft": 16,
              "paddingRight": 0,
              "paddingTop": 12,
              "width": 40,
            }
          }
        >
          <SvgMock
            height={24}
            style={
              Object {
                "fill": "#333333",
              }
            }
            width={24}
          />
        </View>
      </View>
      <View
        hideIconLeft={false}
        hideIconRight={false}
        style={
          Array [
            Object {
              "alignItems": "center",
              "bottom": 0,
              "color": "#333333",
              "justifyContent": "center",
              "left": 48,
              "right": 48,
              "top": 0,
            },
          ]
        }
      >
        <View
          accessible={true}
          focusable={true}
          isTVSelectable={true}
          onClick={[Function]}
          onResponderGrant={[Function]}
          onResponderMove={[Function]}
          onResponderRelease={[Function]}
          onResponderTerminate={[Function]}
          onResponderTerminationRequest={[Function]}
          onStartShouldSetResponder={[Function]}
          style={
            Object {
              "alignSelf": "stretch",
              "flexBasis": 0,
              "flexGrow": 1,
              "flexShrink": 1,
              "justifyContent": "center",
              "opacity": 1,
            }
          }
        >
          <Text
            accessibilityLabel="Title Text"
            style={
              Array [
                Object {
                  "color": "#333333",
                  "flexBasis": 0,
                  "flexGrow": 1,
                  "flexShrink": 1,
                  "fontSize": 16,
                  "justifyContent": "center",
                  "marginLeft": 0,
                  "paddingBottom": 12,
                  "paddingLeft": 16,
                  "paddingTop": 12,
                },
              ]
            }
          >
            Title Text
          </Text>
        </View>
      </View>
      <View
        style={
          Object {
            "position": "absolute",
            "right": 0,
          }
        }
      >
        <View
          accessible={true}
          focusable={true}
          isTVSelectable={true}
          onClick={[Function]}
          onResponderGrant={[Function]}
          onResponderMove={[Function]}
          onResponderRelease={[Function]}
          onResponderTerminate={[Function]}
          onResponderTerminationRequest={[Function]}
          onStartShouldSetResponder={[Function]}
          style={
            Object {
              "alignSelf": "center",
              "flexBasis": 0,
              "flexGrow": 1,
              "flexShrink": 1,
              "height": 40,
              "opacity": 1,
              "paddingBottom": 12,
              "paddingLeft": 0,
              "paddingRight": 16,
              "paddingTop": 12,
              "width": 40,
            }
          }
        />
      </View>
    </View>
    <View
      accessibilityRole="header"
      accessible={true}
      active={false}
      dividerBottom={false}
      dividerTop={true}
      style={
        Array [
          Object {
            "backgroundColor": "#FFFFFF29",
            "borderTopColor": "#EEEEEE",
            "borderTopWidth": 1,
            "flexBasis": 0,
            "flexGrow": 1,
            "flexShrink": 1,
            "paddingBottom": 0,
            "paddingLeft": 0,
            "paddingRight": 0,
            "paddingTop": 0,
            "width": "100%",
          },
        ]
      }
    >
      <View
        style={
          Object {
            "left": 0,
            "position": "absolute",
          }
        }
      >
        <View
          accessible={true}
          focusable={true}
          isTVSelectable={true}
          onClick={[Function]}
          onResponderGrant={[Function]}
          onResponderMove={[Function]}
          onResponderRelease={[Function]}
          onResponderTerminate={[Function]}
          onResponderTerminationRequest={[Function]}
          onStartShouldSetResponder={[Function]}
          style={
            Object {
              "alignSelf": "center",
              "flexBasis": 0,
              "flexGrow": 1,
              "flexShrink": 1,
              "height": 40,
              "opacity": 1,
              "paddingBottom": 12,
              "paddingLeft": 16,
              "paddingRight": 0,
              "paddingTop": 12,
              "width": 40,
            }
          }
        >
          <SvgMock
            height={24}
            style={
              Object {
                "fill": "#333333",
              }
            }
            width={24}
          />
        </View>
      </View>
      <View
        hideIconLeft={false}
        hideIconRight={false}
        style={
          Array [
            Object {
              "alignItems": "center",
              "bottom": 0,
              "color": "#333333",
              "justifyContent": "center",
              "left": 48,
              "right": 48,
              "top": 0,
            },
          ]
        }
      >
        <View
          accessible={true}
          focusable={true}
          isTVSelectable={true}
          onClick={[Function]}
          onResponderGrant={[Function]}
          onResponderMove={[Function]}
          onResponderRelease={[Function]}
          onResponderTerminate={[Function]}
          onResponderTerminationRequest={[Function]}
          onStartShouldSetResponder={[Function]}
          style={
            Object {
              "alignSelf": "stretch",
              "flexBasis": 0,
              "flexGrow": 1,
              "flexShrink": 1,
              "justifyContent": "center",
              "opacity": 1,
            }
          }
        >
          <Text
            accessibilityLabel="Title Text"
            style={
              Array [
                Object {
                  "color": "#333333",
                  "flexBasis": 0,
                  "flexGrow": 1,
                  "flexShrink": 1,
                  "fontSize": 16,
                  "justifyContent": "center",
                  "marginLeft": 0,
                  "paddingBottom": 12,
                  "paddingLeft": 16,
                  "paddingTop": 12,
                },
              ]
            }
          >
            Title Text
          </Text>
        </View>
      </View>
      <View
        style={
          Object {
            "position": "absolute",
            "right": 0,
          }
        }
      >
        <View
          accessible={true}
          focusable={true}
          isTVSelectable={true}
          onClick={[Function]}
          onResponderGrant={[Function]}
          onResponderMove={[Function]}
          onResponderRelease={[Function]}
          onResponderTerminate={[Function]}
          onResponderTerminationRequest={[Function]}
          onStartShouldSetResponder={[Function]}
          style={
            Object {
              "alignSelf": "center",
              "flexBasis": 0,
              "flexGrow": 1,
              "flexShrink": 1,
              "height": 40,
              "opacity": 1,
              "paddingBottom": 12,
              "paddingLeft": 0,
              "paddingRight": 16,
              "paddingTop": 12,
              "width": 40,
            }
          }
        />
      </View>
    </View>
  </View>
</RCTScrollView>
`;
