// Jest Snapshot v1, https://goo.gl/fbAQLP

exports[`StoryNatMenuItem component Should render StoryNatMenuItem component  1`] = `
<RCTSafeAreaView
  emulateUnlessSupported={true}
>
  <View
    style={
      Array [
        Object {
          "backgroundColor": "#FFFFFF",
          "bottom": 0,
          "flexBasis": 0,
          "flexGrow": 1,
          "flexShrink": 1,
          "left": 0,
          "paddingBottom": 0,
          "paddingLeft": 16,
          "paddingRight": 16,
          "paddingTop": 0,
          "right": 0,
          "top": 0,
        },
        Object {
          "backgroundColor": "#FFF",
          "marginTop": 0,
          "width": 750,
        },
      ]
    }
  >
    <RCTScrollView>
      <View>
        <Text>
          Without Icon
        </Text>
        <View
          accessible={true}
          focusable={true}
          isTVSelectable={true}
          onClick={[Function]}
          onResponderGrant={[Function]}
          onResponderMove={[Function]}
          onResponderRelease={[Function]}
          onResponderTerminate={[Function]}
          onResponderTerminationRequest={[Function]}
          onStartShouldSetResponder={[Function]}
          style={
            Object {
              "alignItems": "center",
              "flexDirection": "row",
              "height": 48,
              "justifyContent": "space-between",
              "marginLeft": 16,
              "opacity": 1,
            }
          }
        >
          <Text
            style={
              Array [
                Object {
                  "alignSelf": "center",
                  "color": "#333333",
                  "flexBasis": 0,
                  "flexGrow": 1,
                  "flexShrink": 1,
                  "marginLeft": 32,
                },
              ]
            }
            type="default"
          >
            First menu
          </Text>
        </View>
        <View
          accessible={true}
          focusable={true}
          isTVSelectable={true}
          onClick={[Function]}
          onResponderGrant={[Function]}
          onResponderMove={[Function]}
          onResponderRelease={[Function]}
          onResponderTerminate={[Function]}
          onResponderTerminationRequest={[Function]}
          onStartShouldSetResponder={[Function]}
          style={
            Object {
              "alignItems": "center",
              "flexDirection": "row",
              "height": 48,
              "justifyContent": "space-between",
              "marginLeft": 16,
              "opacity": 1,
            }
          }
        >
          <Text
            style={
              Array [
                Object {
                  "alignSelf": "center",
                  "color": "#333333",
                  "flexBasis": 0,
                  "flexGrow": 1,
                  "flexShrink": 1,
                  "marginLeft": 32,
                },
              ]
            }
            type="default"
          >
            Second menu
          </Text>
        </View>
        <View
          accessible={true}
          focusable={true}
          isTVSelectable={true}
          onClick={[Function]}
          onResponderGrant={[Function]}
          onResponderMove={[Function]}
          onResponderRelease={[Function]}
          onResponderTerminate={[Function]}
          onResponderTerminationRequest={[Function]}
          onStartShouldSetResponder={[Function]}
          style={
            Object {
              "alignItems": "center",
              "flexDirection": "row",
              "height": 48,
              "justifyContent": "space-between",
              "marginLeft": 16,
              "opacity": 1,
            }
          }
        >
          <Text
            style={
              Array [
                Object {
                  "alignSelf": "center",
                  "color": "#333333",
                  "flexBasis": 0,
                  "flexGrow": 1,
                  "flexShrink": 1,
                  "marginLeft": 32,
                },
              ]
            }
            type="default"
          >
            Another sample menu
          </Text>
        </View>
        <View
          accessible={true}
          focusable={true}
          isTVSelectable={true}
          onClick={[Function]}
          onResponderGrant={[Function]}
          onResponderMove={[Function]}
          onResponderRelease={[Function]}
          onResponderTerminate={[Function]}
          onResponderTerminationRequest={[Function]}
          onStartShouldSetResponder={[Function]}
          style={
            Object {
              "alignItems": "center",
              "flexDirection": "row",
              "height": 48,
              "justifyContent": "space-between",
              "marginLeft": 16,
              "opacity": 1,
            }
          }
        >
          <Text
            style={
              Array [
                Object {
                  "alignSelf": "center",
                  "color": "#333333",
                  "flexBasis": 0,
                  "flexGrow": 1,
                  "flexShrink": 1,
                  "marginLeft": 32,
                },
              ]
            }
            type="default"
          >
            Another sample menu
          </Text>
        </View>
        <Text>
          Use SVG
        </Text>
        <View
          accessible={true}
          focusable={true}
          isTVSelectable={true}
          onClick={[Function]}
          onResponderGrant={[Function]}
          onResponderMove={[Function]}
          onResponderRelease={[Function]}
          onResponderTerminate={[Function]}
          onResponderTerminationRequest={[Function]}
          onStartShouldSetResponder={[Function]}
          style={
            Object {
              "alignItems": "center",
              "flexDirection": "row",
              "height": 48,
              "justifyContent": "space-between",
              "marginLeft": 16,
              "opacity": 1,
            }
          }
        >
          <SvgMock
            height="24"
            style={
              Object {
                "fill": "#333333",
              }
            }
            width="24"
          />
          <Text
            style={
              Array [
                Object {
                  "alignSelf": "center",
                  "color": "#333333",
                  "flexBasis": 0,
                  "flexGrow": 1,
                  "flexShrink": 1,
                  "marginLeft": 32,
                },
              ]
            }
            type="default"
          >
            outlined-navigation-home
          </Text>
        </View>
        <View
          accessible={true}
          focusable={true}
          isTVSelectable={true}
          onClick={[Function]}
          onResponderGrant={[Function]}
          onResponderMove={[Function]}
          onResponderRelease={[Function]}
          onResponderTerminate={[Function]}
          onResponderTerminationRequest={[Function]}
          onStartShouldSetResponder={[Function]}
          style={
            Object {
              "alignItems": "center",
              "flexDirection": "row",
              "height": 48,
              "justifyContent": "space-between",
              "marginLeft": 16,
              "opacity": 1,
            }
          }
        >
          <SvgMock
            height={24}
            style={
              Object {
                "fill": "#333333",
              }
            }
            width={24}
          />
          <Text
            style={
              Array [
                Object {
                  "alignSelf": "center",
                  "color": "#333333",
                  "flexBasis": 0,
                  "flexGrow": 1,
                  "flexShrink": 1,
                  "marginLeft": 32,
                },
              ]
            }
            type="default"
          >
            outlined-content-lock
          </Text>
        </View>
        <View
          accessible={true}
          focusable={true}
          isTVSelectable={true}
          onClick={[Function]}
          onResponderGrant={[Function]}
          onResponderMove={[Function]}
          onResponderRelease={[Function]}
          onResponderTerminate={[Function]}
          onResponderTerminationRequest={[Function]}
          onStartShouldSetResponder={[Function]}
          style={
            Object {
              "alignItems": "center",
              "flexDirection": "row",
              "height": 48,
              "justifyContent": "space-between",
              "marginLeft": 16,
              "opacity": 1,
            }
          }
        >
          <SvgMock
            height={24}
            style={
              Object {
                "fill": "#333333",
              }
            }
            width={24}
          />
          <Text
            style={
              Array [
                Object {
                  "alignSelf": "center",
                  "color": "#333333",
                  "flexBasis": 0,
                  "flexGrow": 1,
                  "flexShrink": 1,
                  "marginLeft": 32,
                },
              ]
            }
            type="default"
          >
            outlined-content-wifi
          </Text>
        </View>
        <View
          accessible={true}
          focusable={true}
          isTVSelectable={true}
          onClick={[Function]}
          onResponderGrant={[Function]}
          onResponderMove={[Function]}
          onResponderRelease={[Function]}
          onResponderTerminate={[Function]}
          onResponderTerminationRequest={[Function]}
          onStartShouldSetResponder={[Function]}
          style={
            Object {
              "alignItems": "center",
              "flexDirection": "row",
              "height": 48,
              "justifyContent": "space-between",
              "marginLeft": 16,
              "opacity": 1,
            }
          }
        >
          <SvgMock
            height={24}
            style={
              Object {
                "fill": "#333333",
              }
            }
            width={24}
          />
          <Text
            style={
              Array [
                Object {
                  "alignSelf": "center",
                  "color": "#333333",
                  "flexBasis": 0,
                  "flexGrow": 1,
                  "flexShrink": 1,
                  "marginLeft": 32,
                },
              ]
            }
            type="default"
          >
            outlined-content-adddocument
          </Text>
        </View>
        <View
          accessible={true}
          focusable={true}
          isTVSelectable={true}
          onClick={[Function]}
          onResponderGrant={[Function]}
          onResponderMove={[Function]}
          onResponderRelease={[Function]}
          onResponderTerminate={[Function]}
          onResponderTerminationRequest={[Function]}
          onStartShouldSetResponder={[Function]}
          style={
            Object {
              "alignItems": "center",
              "flexDirection": "row",
              "height": 48,
              "justifyContent": "space-between",
              "marginLeft": 16,
              "opacity": 1,
            }
          }
        >
          <SvgMock
            height={24}
            style={
              Object {
                "fill": "#333333",
              }
            }
            width={24}
          />
          <Text
            style={
              Array [
                Object {
                  "alignSelf": "center",
                  "color": "#333333",
                  "flexBasis": 0,
                  "flexGrow": 1,
                  "flexShrink": 1,
                  "marginLeft": 32,
                },
              ]
            }
            type="default"
          >
            outlined-communication-chat
          </Text>
        </View>
        <View
          accessible={true}
          focusable={true}
          isTVSelectable={true}
          onClick={[Function]}
          onResponderGrant={[Function]}
          onResponderMove={[Function]}
          onResponderRelease={[Function]}
          onResponderTerminate={[Function]}
          onResponderTerminationRequest={[Function]}
          onStartShouldSetResponder={[Function]}
          style={
            Object {
              "alignItems": "center",
              "flexDirection": "row",
              "height": 48,
              "justifyContent": "space-between",
              "marginLeft": 16,
              "opacity": 1,
            }
          }
        >
          <SvgMock
            height={24}
            style={
              Object {
                "fill": "#333333",
              }
            }
            width={24}
          />
          <Text
            style={
              Array [
                Object {
                  "alignSelf": "center",
                  "color": "#333333",
                  "flexBasis": 0,
                  "flexGrow": 1,
                  "flexShrink": 1,
                  "marginLeft": 32,
                },
              ]
            }
            type="default"
          >
            outlined-content-channel
          </Text>
        </View>
        <View
          accessible={true}
          focusable={true}
          isTVSelectable={true}
          onClick={[Function]}
          onResponderGrant={[Function]}
          onResponderMove={[Function]}
          onResponderRelease={[Function]}
          onResponderTerminate={[Function]}
          onResponderTerminationRequest={[Function]}
          onStartShouldSetResponder={[Function]}
          style={
            Object {
              "alignItems": "center",
              "flexDirection": "row",
              "height": 48,
              "justifyContent": "space-between",
              "marginLeft": 16,
              "opacity": 1,
            }
          }
        >
          <SvgMock
            height={24}
            style={
              Object {
                "fill": "#333333",
              }
            }
            width={24}
          />
          <Text
            style={
              Array [
                Object {
                  "alignSelf": "center",
                  "color": "#333333",
                  "flexBasis": 0,
                  "flexGrow": 1,
                  "flexShrink": 1,
                  "marginLeft": 32,
                },
              ]
            }
            type="default"
          >
            outlined-finance-moneypaper
          </Text>
        </View>
        <View
          accessible={true}
          focusable={true}
          isTVSelectable={true}
          onClick={[Function]}
          onResponderGrant={[Function]}
          onResponderMove={[Function]}
          onResponderRelease={[Function]}
          onResponderTerminate={[Function]}
          onResponderTerminationRequest={[Function]}
          onStartShouldSetResponder={[Function]}
          style={
            Object {
              "alignItems": "center",
              "flexDirection": "row",
              "height": 48,
              "justifyContent": "space-between",
              "marginLeft": 16,
              "opacity": 1,
            }
          }
        >
          <SvgMock
            height={24}
            style={
              Object {
                "fill": "#333333",
              }
            }
            width={24}
          />
          <Text
            style={
              Array [
                Object {
                  "alignSelf": "center",
                  "color": "#333333",
                  "flexBasis": 0,
                  "flexGrow": 1,
                  "flexShrink": 1,
                  "marginLeft": 32,
                },
              ]
            }
            type="default"
          >
            outlined-communication-speaker
          </Text>
        </View>
        <View
          accessible={true}
          focusable={true}
          isTVSelectable={true}
          onClick={[Function]}
          onResponderGrant={[Function]}
          onResponderMove={[Function]}
          onResponderRelease={[Function]}
          onResponderTerminate={[Function]}
          onResponderTerminationRequest={[Function]}
          onStartShouldSetResponder={[Function]}
          style={
            Object {
              "alignItems": "center",
              "flexDirection": "row",
              "height": 48,
              "justifyContent": "space-between",
              "marginLeft": 16,
              "opacity": 1,
            }
          }
        >
          <SvgMock
            height={24}
            style={
              Object {
                "fill": "#333333",
              }
            }
            width={24}
          />
          <Text
            style={
              Array [
                Object {
                  "alignSelf": "center",
                  "color": "#333333",
                  "flexBasis": 0,
                  "flexGrow": 1,
                  "flexShrink": 1,
                  "marginLeft": 32,
                },
              ]
            }
            type="default"
          >
            outlined-place-bus
          </Text>
        </View>
        <View
          accessible={true}
          focusable={true}
          isTVSelectable={true}
          onClick={[Function]}
          onResponderGrant={[Function]}
          onResponderMove={[Function]}
          onResponderRelease={[Function]}
          onResponderTerminate={[Function]}
          onResponderTerminationRequest={[Function]}
          onStartShouldSetResponder={[Function]}
          style={
            Object {
              "alignItems": "center",
              "flexDirection": "row",
              "height": 48,
              "justifyContent": "space-between",
              "marginLeft": 16,
              "opacity": 1,
            }
          }
        >
          <SvgMock
            height={24}
            style={
              Object {
                "fill": "#333333",
              }
            }
            width={24}
          />
          <Text
            style={
              Array [
                Object {
                  "alignSelf": "center",
                  "color": "#333333",
                  "flexBasis": 0,
                  "flexGrow": 1,
                  "flexShrink": 1,
                  "marginLeft": 32,
                },
              ]
            }
            type="default"
          >
            outlined-alert-info
          </Text>
        </View>
        <View
          accessible={true}
          focusable={true}
          isTVSelectable={true}
          onClick={[Function]}
          onResponderGrant={[Function]}
          onResponderMove={[Function]}
          onResponderRelease={[Function]}
          onResponderTerminate={[Function]}
          onResponderTerminationRequest={[Function]}
          onStartShouldSetResponder={[Function]}
          style={
            Object {
              "alignItems": "center",
              "flexDirection": "row",
              "height": 48,
              "justifyContent": "space-between",
              "marginLeft": 16,
              "opacity": 1,
            }
          }
        >
          <SvgMock
            height={24}
            style={
              Object {
                "fill": "#333333",
              }
            }
            width={24}
          />
          <Text
            style={
              Array [
                Object {
                  "alignSelf": "center",
                  "color": "#333333",
                  "flexBasis": 0,
                  "flexGrow": 1,
                  "flexShrink": 1,
                  "marginLeft": 32,
                },
              ]
            }
            type="default"
          >
            outlined-navigation-exit
          </Text>
        </View>
        <Text>
          With External Icon URL
        </Text>
        <View
          accessible={true}
          focusable={true}
          isTVSelectable={true}
          onClick={[Function]}
          onResponderGrant={[Function]}
          onResponderMove={[Function]}
          onResponderRelease={[Function]}
          onResponderTerminate={[Function]}
          onResponderTerminationRequest={[Function]}
          onStartShouldSetResponder={[Function]}
          style={
            Object {
              "alignItems": "center",
              "flexDirection": "row",
              "height": 48,
              "justifyContent": "space-between",
              "marginLeft": 16,
              "opacity": 1,
            }
          }
        >
          <Image
            source={
              Object {
                "uri": "https://s3-sa-east-1.amazonaws.com/somos-natura-prd/files/menus/261/img_url_tmp_261_20180323135427.png",
              }
            }
            style={
              Object {
                "height": 24,
                "width": 24,
              }
            }
          />
          <Text
            style={
              Array [
                Object {
                  "alignSelf": "center",
                  "color": "#333333",
                  "flexBasis": 0,
                  "flexGrow": 1,
                  "flexShrink": 1,
                  "marginLeft": 32,
                },
              ]
            }
            type="default"
          >
            Menu Food
          </Text>
        </View>
        <View
          accessible={true}
          focusable={true}
          isTVSelectable={true}
          onClick={[Function]}
          onResponderGrant={[Function]}
          onResponderMove={[Function]}
          onResponderRelease={[Function]}
          onResponderTerminate={[Function]}
          onResponderTerminationRequest={[Function]}
          onStartShouldSetResponder={[Function]}
          style={
            Object {
              "alignItems": "center",
              "flexDirection": "row",
              "height": 48,
              "justifyContent": "space-between",
              "marginLeft": 16,
              "opacity": 1,
            }
          }
        >
          <Image
            source={
              Object {
                "uri": "https://s3-sa-east-1.amazonaws.com/somos-natura-prd/files/menus/generic_menu/img_url_tmp_generic_menu_20170822160140.png",
              }
            }
            style={
              Object {
                "height": 24,
                "width": 24,
              }
            }
          />
          <Text
            style={
              Array [
                Object {
                  "alignSelf": "center",
                  "color": "#333333",
                  "flexBasis": 0,
                  "flexGrow": 1,
                  "flexShrink": 1,
                  "marginLeft": 32,
                },
              ]
            }
            type="default"
          >
            Bus Information
          </Text>
        </View>
      </View>
    </RCTScrollView>
  </View>
</RCTSafeAreaView>
`;
